Archive member included to satisfy reference by file (symbol)

C:/ST/STM32CubeIDE_1.19.0/STM32CubeIDE/plugins/com.st.stm32cube.ide.mcu.externaltools.gnu-tools-for-stm32.13.3.rel1.win32_1.0.0.202411081344/tools/bin/../lib/gcc/arm-none-eabi/13.3.1/../../../../arm-none-eabi/lib/thumb/v7e-m+fp/hard\libc_nano.a(libc_a-exit.o)
                              C:/ST/STM32CubeIDE_1.19.0/STM32CubeIDE/plugins/com.st.stm32cube.ide.mcu.externaltools.gnu-tools-for-stm32.13.3.rel1.win32_1.0.0.202411081344/tools/bin/../lib/gcc/arm-none-eabi/13.3.1/../../../../arm-none-eabi/lib/thumb/v7e-m+fp/hard/crt0.o (exit)
C:/ST/STM32CubeIDE_1.19.0/STM32CubeIDE/plugins/com.st.stm32cube.ide.mcu.externaltools.gnu-tools-for-stm32.13.3.rel1.win32_1.0.0.202411081344/tools/bin/../lib/gcc/arm-none-eabi/13.3.1/../../../../arm-none-eabi/lib/thumb/v7e-m+fp/hard\libc_nano.a(libc_a-findfp.o)
                              C:/ST/STM32CubeIDE_1.19.0/STM32CubeIDE/plugins/com.st.stm32cube.ide.mcu.externaltools.gnu-tools-for-stm32.13.3.rel1.win32_1.0.0.202411081344/tools/bin/../lib/gcc/arm-none-eabi/13.3.1/../../../../arm-none-eabi/lib/thumb/v7e-m+fp/hard\libc_nano.a(libc_a-exit.o) (__stdio_exit_handler)
C:/ST/STM32CubeIDE_1.19.0/STM32CubeIDE/plugins/com.st.stm32cube.ide.mcu.externaltools.gnu-tools-for-stm32.13.3.rel1.win32_1.0.0.202411081344/tools/bin/../lib/gcc/arm-none-eabi/13.3.1/../../../../arm-none-eabi/lib/thumb/v7e-m+fp/hard\libc_nano.a(libc_a-fwalk.o)
                              C:/ST/STM32CubeIDE_1.19.0/STM32CubeIDE/plugins/com.st.stm32cube.ide.mcu.externaltools.gnu-tools-for-stm32.13.3.rel1.win32_1.0.0.202411081344/tools/bin/../lib/gcc/arm-none-eabi/13.3.1/../../../../arm-none-eabi/lib/thumb/v7e-m+fp/hard\libc_nano.a(libc_a-findfp.o) (_fwalk_sglue)
C:/ST/STM32CubeIDE_1.19.0/STM32CubeIDE/plugins/com.st.stm32cube.ide.mcu.externaltools.gnu-tools-for-stm32.13.3.rel1.win32_1.0.0.202411081344/tools/bin/../lib/gcc/arm-none-eabi/13.3.1/../../../../arm-none-eabi/lib/thumb/v7e-m+fp/hard\libc_nano.a(libc_a-sprintf.o)
                              ./Src/joy.o (sprintf)
C:/ST/STM32CubeIDE_1.19.0/STM32CubeIDE/plugins/com.st.stm32cube.ide.mcu.externaltools.gnu-tools-for-stm32.13.3.rel1.win32_1.0.0.202411081344/tools/bin/../lib/gcc/arm-none-eabi/13.3.1/../../../../arm-none-eabi/lib/thumb/v7e-m+fp/hard\libc_nano.a(libc_a-stdio.o)
                              C:/ST/STM32CubeIDE_1.19.0/STM32CubeIDE/plugins/com.st.stm32cube.ide.mcu.externaltools.gnu-tools-for-stm32.13.3.rel1.win32_1.0.0.202411081344/tools/bin/../lib/gcc/arm-none-eabi/13.3.1/../../../../arm-none-eabi/lib/thumb/v7e-m+fp/hard\libc_nano.a(libc_a-findfp.o) (__sread)
C:/ST/STM32CubeIDE_1.19.0/STM32CubeIDE/plugins/com.st.stm32cube.ide.mcu.externaltools.gnu-tools-for-stm32.13.3.rel1.win32_1.0.0.202411081344/tools/bin/../lib/gcc/arm-none-eabi/13.3.1/../../../../arm-none-eabi/lib/thumb/v7e-m+fp/hard\libc_nano.a(libc_a-memset.o)
                              C:/ST/STM32CubeIDE_1.19.0/STM32CubeIDE/plugins/com.st.stm32cube.ide.mcu.externaltools.gnu-tools-for-stm32.13.3.rel1.win32_1.0.0.202411081344/tools/bin/../lib/gcc/arm-none-eabi/13.3.1/../../../../arm-none-eabi/lib/thumb/v7e-m+fp/hard/crt0.o (memset)
C:/ST/STM32CubeIDE_1.19.0/STM32CubeIDE/plugins/com.st.stm32cube.ide.mcu.externaltools.gnu-tools-for-stm32.13.3.rel1.win32_1.0.0.202411081344/tools/bin/../lib/gcc/arm-none-eabi/13.3.1/../../../../arm-none-eabi/lib/thumb/v7e-m+fp/hard\libc_nano.a(libc_a-closer.o)
                              C:/ST/STM32CubeIDE_1.19.0/STM32CubeIDE/plugins/com.st.stm32cube.ide.mcu.externaltools.gnu-tools-for-stm32.13.3.rel1.win32_1.0.0.202411081344/tools/bin/../lib/gcc/arm-none-eabi/13.3.1/../../../../arm-none-eabi/lib/thumb/v7e-m+fp/hard\libc_nano.a(libc_a-stdio.o) (_close_r)
C:/ST/STM32CubeIDE_1.19.0/STM32CubeIDE/plugins/com.st.stm32cube.ide.mcu.externaltools.gnu-tools-for-stm32.13.3.rel1.win32_1.0.0.202411081344/tools/bin/../lib/gcc/arm-none-eabi/13.3.1/../../../../arm-none-eabi/lib/thumb/v7e-m+fp/hard\libc_nano.a(libc_a-reent.o)
                              C:/ST/STM32CubeIDE_1.19.0/STM32CubeIDE/plugins/com.st.stm32cube.ide.mcu.externaltools.gnu-tools-for-stm32.13.3.rel1.win32_1.0.0.202411081344/tools/bin/../lib/gcc/arm-none-eabi/13.3.1/../../../../arm-none-eabi/lib/thumb/v7e-m+fp/hard\libc_nano.a(libc_a-closer.o) (errno)
C:/ST/STM32CubeIDE_1.19.0/STM32CubeIDE/plugins/com.st.stm32cube.ide.mcu.externaltools.gnu-tools-for-stm32.13.3.rel1.win32_1.0.0.202411081344/tools/bin/../lib/gcc/arm-none-eabi/13.3.1/../../../../arm-none-eabi/lib/thumb/v7e-m+fp/hard\libc_nano.a(libc_a-impure.o)
                              C:/ST/STM32CubeIDE_1.19.0/STM32CubeIDE/plugins/com.st.stm32cube.ide.mcu.externaltools.gnu-tools-for-stm32.13.3.rel1.win32_1.0.0.202411081344/tools/bin/../lib/gcc/arm-none-eabi/13.3.1/../../../../arm-none-eabi/lib/thumb/v7e-m+fp/hard\libc_nano.a(libc_a-sprintf.o) (_impure_ptr)
[...]
Memory Configuration

Name             Origin             Length             Attributes
RAM              0x20000000         0x00050000         xrw
SRAM2            0x10000000         0x00010000         xrw
FLASH            0x08000000         0x00100000         xr
*default*        0x00000000         0xffffffff

Linker script and memory map

LOAD C:/ST/STM32CubeIDE_1.19.0/STM32CubeIDE/plugins/com.st.stm32cube.ide.mcu.externaltools.gnu-tools-for-stm32.13.3.rel1.win32_1.0.0.202411081344/tools/bin/../lib/gcc/arm-none-eabi/13.3.1/thumb/v7e-m+fp/hard/crti.o
LOAD C:/ST/STM32CubeIDE_1.19.0/STM32CubeIDE/plugins/com.st.stm32cube.ide.mcu.externaltools.gnu-tools-for-stm32.13.3.rel1.win32_1.0.0.202411081344/tools/bin/../lib/gcc/arm-none-eabi/13.3.1/thumb/v7e-m+fp/hard/crtbegin.o
LOAD C:/ST/STM32CubeIDE_1.19.0/STM32CubeIDE/plugins/com.st.stm32cube.ide.mcu.externaltools.gnu-tools-for-stm32.13.3.rel1.win32_1.0.0.202411081344/tools/bin/../lib/gcc/arm-none-eabi/13.3.1/../../../../arm-none-eabi/lib/thumb/v7e-m+fp/hard/crt0.o
LOAD ./Src/ascii.o
LOAD ./Src/encoder.o
LOAD ./Src/i2c.o
LOAD ./Src/joy.o
LOAD ./Src/lpuart.o
LOAD ./Src/main.o
LOAD ./Src/motor.o
LOAD ./Src/oled.o
LOAD ./Src/state_machine.o
LOAD ./Src/sys_clocks.o
LOAD ./Src/syscalls.o
LOAD ./Src/sysmem.o
LOAD ./Src/tim.o
LOAD ./Src/uart_protocol.o
LOAD ./Startup/startup_stm32l496zgtx.o
START GROUP
LOAD C:/ST/STM32CubeIDE_1.19.0/STM32CubeIDE/plugins/com.st.stm32cube.ide.mcu.externaltools.gnu-tools-for-stm32.13.3.rel1.win32_1.0.0.202411081344/tools/bin/../lib/gcc/arm-none-eabi/13.3.1/../../../../arm-none-eabi/lib/thumb/v7e-m+fp/hard\libc_nano.a
LOAD C:/ST/STM32CubeIDE_1.19.0/STM32CubeIDE/plugins/com.st.stm32cube.ide.mcu.externaltools.gnu-tools-for-stm32.13.3.rel1.win32_1.0.0.202411081344/tools/bin/../lib/gcc/arm-none-eabi/13.3.1/../../../../arm-none-eabi/lib/thumb/v7e-m+fp/hard\libm.a
END GROUP
START GROUP
LOAD C:/ST/STM32CubeIDE_1.19.0/STM32CubeIDE/plugins/com.st.stm32cube.ide.mcu.externaltools.gnu-tools-for-stm32.13.3.rel1.win32_1.0.0.202411081344/tools/bin/../lib/gcc/arm-none-eabi/13.3.1/thumb/v7e-m+fp/hard\libgcc.a
LOAD C:/ST/STM32CubeIDE_1.19.0/STM32CubeIDE/plugins/com.st.stm32cube.ide.mcu.externaltools.gnu-tools-for-stm32.13.3.rel1.win32_1.0.0.202411081344/tools/bin/../lib/gcc/arm-none-eabi/13.3.1/../../../../arm-none-eabi/lib/thumb/v7e-m+fp/hard\libc_nano.a
END GROUP
START GROUP
LOAD C:/ST/STM32CubeIDE_1.19.0/STM32CubeIDE/plugins/com.st.stm32cube.ide.mcu.externaltools.gnu-tools-for-stm32.13.3.rel1.win32_1.0.0.202411081344/tools/bin/../lib/gcc/arm-none-eabi/13.3.1/thumb/v7e-m+fp/hard\libgcc.a
LOAD C:/ST/STM32CubeIDE_1.19.0/STM32CubeIDE/plugins/com.st.stm32cube.ide.mcu.externaltools.gnu-tools-for-stm32.13.3.rel1.win32_1.0.0.202411081344/tools/bin/../lib/gcc/arm-none-eabi/13.3.1/../../../../arm-none-eabi/lib/thumb/v7e-m+fp/hard\libc_nano.a
LOAD C:/ST/STM32CubeIDE_1.19.0/STM32CubeIDE/plugins/com.st.stm32cube.ide.mcu.externaltools.gnu-tools-for-stm32.13.3.rel1.win32_1.0.0.202411081344/tools/bin/../lib/gcc/arm-none-eabi/13.3.1/../../../../arm-none-eabi/lib/thumb/v7e-m+fp/hard\libnosys.a
END GROUP
START GROUP
LOAD C:/ST/STM32CubeIDE_1.19.0/STM32CubeIDE/plugins/com.st.stm32cube.ide.mcu.externaltools.gnu-tools-for-stm32.13.3.rel1.win32_1.0.0.202411081344/tools/bin/../lib/gcc/arm-none-eabi/13.3.1/thumb/v7e-m+fp/hard\libgcc.a
LOAD C:/ST/STM32CubeIDE_1.19.0/STM32CubeIDE/plugins/com.st.stm32cube.ide.mcu.externaltools.gnu-tools-for-stm32.13.3.rel1.win32_1.0.0.202411081344/tools/bin/../lib/gcc/arm-none-eabi/13.3.1/../../../../arm-none-eabi/lib/thumb/v7e-m+fp/hard\libc_nano.a
LOAD C:/ST/STM32CubeIDE_1.19.0/STM32CubeIDE/plugins/com.st.stm32cube.ide.mcu.externaltools.gnu-tools-for-stm32.13.3.rel1.win32_1.0.0.202411081344/tools/bin/../lib/gcc/arm-none-eabi/13.3.1/../../../../arm-none-eabi/lib/thumb/v7e-m+fp/hard\libnosys.a
END GROUP
LOAD C:/ST/STM32CubeIDE_1.19.0/STM32CubeIDE/plugins/com.st.stm32cube.ide.mcu.externaltools.gnu-tools-for-stm32.13.3.rel1.win32_1.0.0.202411081344/tools/bin/../lib/gcc/arm-none-eabi/13.3.1/thumb/v7e-m+fp/hard/crtend.o
LOAD C:/ST/STM32CubeIDE_1.19.0/STM32CubeIDE/plugins/com.st.stm32cube.ide.mcu.externaltools.gnu-tools-for-stm32.13.3.rel1.win32_1.0.0.202411081344/tools/bin/../lib/gcc/arm-none-eabi/13.3.1/thumb/v7e-m+fp/hard/crtn.o
                0x20050000                        _estack = (ORIGIN (RAM) + LENGTH (RAM))
                0x00000200                        _Min_Heap_Size = 0x200
                0x00000400                        _Min_Stack_Size = 0x400

.isr_vector     0x08000000      0x1ac
                0x08000000                        . = ALIGN (0x4)
 *(.isr_vector)
 .isr_vector    0x08000000      0x1ac ./Startup/startup_stm32l496zgtx.o
                0x08000000                g_pfnVectors
                0x080001ac                        . = ALIGN (0x4)

.text           0x080001b0     0x24e8
                0x080001b0                        . = ALIGN (0x4)
 *(.text)
 .text          0x080001b0       0x40 C:/ST/STM32CubeIDE_1.19.0/STM32CubeIDE/plugins/com.st.stm32cube.ide.mcu.externaltools.gnu-tools-for-stm32.13.3.rel1.win32_1.0.0.202411081344/tools/bin/../lib/gcc/arm-none-eabi/13.3.1/thumb/v7e-m+fp/hard/crtbegin.o
 .text          0x080001f0       0x14 C:/ST/STM32CubeIDE_1.19.0/STM32CubeIDE/plugins/com.st.stm32cube.ide.mcu.externaltools.gnu-tools-for-stm32.13.3.rel1.win32_1.0.0.202411081344/tools/bin/../lib/gcc/arm-none-eabi/13.3.1/../../../../arm-none-eabi/lib/thumb/v7e-m+fp/hard\libc_nano.a(libc_a-strcmp.o)
                0x080001f0                strcmp
 *fill*         0x08000204        0xc 
 .text          0x08000210       0xa0 C:/ST/STM32CubeIDE_1.19.0/STM32CubeIDE/plugins/com.st.stm32cube.ide.mcu.externaltools.gnu-tools-for-stm32.13.3.rel1.win32_1.0.0.202411081344/tools/bin/../lib/gcc/arm-none-eabi/13.3.1/../../../../arm-none-eabi/lib/thumb/v7e-m+fp/hard\libc_nano.a(libc_a-memchr.o)
                0x08000210                memchr
 *(.text*)
 .text.encoder_init
                0x080002b0       0x9c ./Src/encoder.o
                0x080002b0                encoder_init
 .text.encoder_GetResult
                0x0800034c       0x18 ./Src/encoder.o
                0x0800034c                encoder_GetResult
 .text.encoder_GetChange
                0x08000364       0x30 ./Src/encoder.o
                0x08000364                encoder_GetChange
 .text.encoder_GetPositionAngle
                0x08000394       0x18 ./Src/encoder.o
                0x08000394                encoder_GetPositionAngle
 .text.encoder_GetSpeed
                0x080003ac       0x18 ./Src/encoder.o
                0x080003ac                encoder_GetSpeed
 .text.encoder_Update
                0x080003c4       0x8c ./Src/encoder.o
                0x080003c4                encoder_Update
 .text.I2C1_Init
                0x08000450       0xf0 ./Src/i2c.o
                0x08000450                I2C1_Init
 .text.I2C1_WriteBuffer
                0x08000540       0x9c ./Src/i2c.o
                0x08000540                I2C1_WriteBuffer
 .text.joy_init
                0x080005dc       0x9c ./Src/joy.o
                0x080005dc                joy_init
 .text.up       0x08000678       0xd4 ./Src/joy.o
                0x08000678                up
 .text.down     0x0800074c       0xd4 ./Src/joy.o
                0x0800074c                down
 .text.right    0x08000820       0x8c ./Src/joy.o
                0x08000820                right
 .text.left     0x080008ac       0x8c ./Src/joy.o
                0x080008ac                left
 .text.ok       0x08000938       0x74 ./Src/joy.o
                0x08000938                ok
 .text.Joy_Read
                0x080009ac       0xc8 ./Src/joy.o
                0x080009ac                Joy_Read
 .text.__NVIC_EnableIRQ
                0x08000a74       0x3c ./Src/lpuart.o
 .text.__NVIC_SetPriority
                0x08000ab0       0x54 ./Src/lpuart.o
 .text.LPUART1_config
                0x08000b04       0xac ./Src/lpuart.o
                0x08000b04                LPUART1_config
 .text.LPUART1_IRQHandler
                0x08000bb0       0xd4 ./Src/lpuart.o
                0x08000bb0                LPUART1_IRQHandler
 .text.SendString
                0x08000c84       0x80 ./Src/lpuart.o
                0x08000c84                SendString
 .text.LPUART_Available
                0x08000d04       0x24 ./Src/lpuart.o
                0x08000d04                LPUART_Available
 .text.main     0x08000d28       0x64 ./Src/main.o
                0x08000d28                main
 .text.Motor_Init
                0x08000d8c       0x88 ./Src/motor.o
                0x08000d8c                Motor_Init
 .text.Motor_Left
                0x08000e14       0x1c ./Src/motor.o
                0x08000e14                Motor_Left
 .text.Motor_Right
                0x08000e30       0x1c ./Src/motor.o
                0x08000e30                Motor_Right
 .text.Motor_Off
                0x08000e4c       0x1c ./Src/motor.o
                0x08000e4c                Motor_Off
 .text.Speed    0x08000e68       0x2a ./Src/motor.o
                0x08000e68                Speed
 .text.OLED_Command
                0x08000e92       0x28 ./Src/oled.o
                0x08000e92                OLED_Command
 .text.OLED_Command2
                0x08000eba       0x32 ./Src/oled.o
                0x08000eba                OLED_Command2
 .text.OLED_Init
                0x08000eec       0x7a ./Src/oled.o
                0x08000eec                OLED_Init
 .text.OLED_DataBuffer
                0x08000f66       0xa6 ./Src/oled.o
                0x08000f66                OLED_DataBuffer
 .text.OLED_Clear
                0x0800100c       0x6a ./Src/oled.o
                0x0800100c                OLED_Clear
 .text.OLED_SetCursor
                0x08001076       0x46 ./Src/oled.o
                0x08001076                OLED_SetCursor
 .text.OLED_WriteChar
                0x080010bc       0x60 ./Src/oled.o
                0x080010bc                OLED_WriteChar
 .text.OLED_WriteString
                0x0800111c       0x2c ./Src/oled.o
                0x0800111c                OLED_WriteString
 .text.OLED_WriteInt
                0x08001148       0xfc ./Src/oled.o
                0x08001148                OLED_WriteInt
 .text.StateMachine_Init
                0x08001244       0x18 ./Src/state_machine.o
                0x08001244                StateMachine_Init
 .text.StateMachine_GetMode
                0x0800125c       0x18 ./Src/state_machine.o
                0x0800125c                StateMachine_GetMode
 .text.StateMachine_ChangeMode
                0x08001274       0x20 ./Src/state_machine.o
                0x08001274                StateMachine_ChangeMode
 .text.StateMachine_Run
                0x08001294       0x38 ./Src/state_machine.o
                0x08001294                StateMachine_Run
 .text.__NVIC_SetPriority
                0x080012cc       0x54 ./Src/sys_clocks.o
 .text.SysTick_Config
                0x08001320       0x44 ./Src/sys_clocks.o
 .text.SystemClockPLL80
                0x08001364       0xf8 ./Src/sys_clocks.o
                0x08001364                SystemClockPLL80
 .text.SystemClockSetup
                0x0800145c       0x18 ./Src/sys_clocks.o
                0x0800145c                SystemClockSetup
 .text.SysTick_Handler
                0x08001474       0x1c ./Src/sys_clocks.o
                0x08001474                SysTick_Handler
 .text.GetSystemTick
                0x08001490       0x18 ./Src/sys_clocks.o
                0x08001490                GetSystemTick
 .text._sbrk    0x080014a8       0x6c ./Src/sysmem.o
                0x080014a8                _sbrk
 .text.Tim15Init
                0x08001514       0x34 ./Src/tim.o
                0x08001514                Tim15Init
 .text.Tim3Init
                0x08001548       0x34 ./Src/tim.o
                0x08001548                Tim3Init
 .text.Tim15_Start
                0x0800157c       0x80 ./Src/tim.o
                0x0800157c                Tim15_Start
 .text.Tim3_Start
                0x080015fc       0xa8 ./Src/tim.o
                0x080015fc                Tim3_Start
 .text.ParseWords
                0x080016a4       0xb4 ./Src/uart_protocol.o
                0x080016a4                ParseWords
 .text.StringToInt
                0x08001758       0x68 ./Src/uart_protocol.o
                0x08001758                StringToInt
 .text.ParseCommand
                0x080017c0      0x108 ./Src/uart_protocol.o
                0x080017c0                ParseCommand
 .text.U_STATUS
                0x080018c8       0x74 ./Src/uart_protocol.o
                0x080018c8                U_STATUS
 .text.U_LEFT   0x0800193c       0x98 ./Src/uart_protocol.o
                0x0800193c                U_LEFT
 .text.U_RIGHT  0x080019d4       0x98 ./Src/uart_protocol.o
                0x080019d4                U_RIGHT
 .text.U_STOP   0x08001a6c       0x80 ./Src/uart_protocol.o
                0x08001a6c                U_STOP
 .text.U_SPEED  0x08001aec       0xc4 ./Src/uart_protocol.o
                0x08001aec                U_SPEED
 .text.U_UNKNOWN
                0x08001bb0       0x50 ./Src/uart_protocol.o
                0x08001bb0                U_UNKNOWN
 .text.HandleCommand
                0x08001c00       0xd8 ./Src/uart_protocol.o
                0x08001c00                HandleCommand
 .text.UART_Protocol_Process
                0x08001cd8       0x24 ./Src/uart_protocol.o
                0x08001cd8                UART_Protocol_Process
 .text.Reset_Handler
                0x08001cfc       0x50 ./Startup/startup_stm32l496zgtx.o
                0x08001cfc                Reset_Handler
 .text.Default_Handler
                0x08001d4c        0x2 ./Startup/startup_stm32l496zgtx.o
                0x08001d4c                EXTI2_IRQHandler
                0x08001d4c                TIM8_TRG_COM_IRQHandler
                0x08001d4c                TIM8_CC_IRQHandler
                0x08001d4c                DebugMon_Handler
                0x08001d4c                DMA1_CH4_IRQHandler
                0x08001d4c                TIM1_CC_IRQHandler
                0x08001d4c                TSC_IRQHandler
                0x08001d4c                HardFault_Handler
                0x08001d4c                TAMP_STAMP_IRQHandler
                0x08001d4c                PendSV_Handler
                0x08001d4c                NMI_Handler
                0x08001d4c                CAN2_RX1_IRQHandler
                0x08001d4c                EXTI3_IRQHandler
                0x08001d4c                LPTIM2_IRQHandler
                0x08001d4c                DFSDM1_FLT1_IRQHandler
                0x08001d4c                I2C3_ER_IRQHandler
                0x08001d4c                DFSDM1_FLT2_IRQHandler
                0x08001d4c                TIM6_DACUNDER_IRQHandler
                0x08001d4c                EXTI0_IRQHandler
                0x08001d4c                I2C2_EV_IRQHandler
                0x08001d4c                DMA2_CH1_IRQHandler
                0x08001d4c                CAN1_RX0_IRQHandler
                0x08001d4c                FPU_IRQHandler
                0x08001d4c                TIM1_UP_TIM16_IRQHandler
                0x08001d4c                DMA2_CH7_IRQHandler
                0x08001d4c                UsageFault_Handler
                0x08001d4c                CAN2_SCE_IRQHandler
                0x08001d4c                ADC1_2_IRQHandler
                0x08001d4c                SPI1_IRQHandler
                0x08001d4c                DMA1_CH7_IRQHandler
                0x08001d4c                DCMI_IRQHandler
                0x08001d4c                CAN2_RX0_IRQHandler
                0x08001d4c                TIM8_UP_IRQHandler
                0x08001d4c                RTC_ALARM_IRQHandler
                0x08001d4c                SAI2_IRQHandler
                0x08001d4c                DFSDM1_FLT3_IRQHandler
                0x08001d4c                DMA1_CH6_IRQHandler
                0x08001d4c                USART3_IRQHandler
                0x08001d4c                CAN1_RX1_IRQHandler
                0x08001d4c                LCD_IRQHandler
                0x08001d4c                UART5_IRQHandler
                0x08001d4c                ADC3_IRQHandler
                0x08001d4c                TIM4_IRQHandler
                0x08001d4c                QUADSPI_IRQHandler
                0x08001d4c                I2C1_EV_IRQHandler
                0x08001d4c                DMA2_CH5_IRQHandler
                0x08001d4c                UART4_IRQHandler
                0x08001d4c                DMA1_CH3_IRQHandler
                0x08001d4c                TIM3_IRQHandler
                0x08001d4c                RCC_IRQHandler
                0x08001d4c                Default_Handler
                0x08001d4c                EXTI15_10_IRQHandler
                0x08001d4c                TIM7_IRQHandler
                0x08001d4c                SDMMC1_IRQHandler
                0x08001d4c                CAN2_TX_IRQHandler
                0x08001d4c                TIM5_IRQHandler
                0x08001d4c                I2C3_EV_IRQHandler
                0x08001d4c                EXTI9_5_IRQHandler
                0x08001d4c                DMA1_CH2_IRQHandler
                0x08001d4c                RTC_WKUP_IRQHandler
                0x08001d4c                RNG_HASH_IRQHandler
                0x08001d4c                PVD_PVM_IRQHandler
                0x08001d4c                SPI2_IRQHandler
                0x08001d4c                DMA1_CH1_IRQHandler
                0x08001d4c                MemManage_Handler
                0x08001d4c                CAN1_TX_IRQHandler
                0x08001d4c                SVC_Handler
                0x08001d4c                CRS_IRQHandler
                0x08001d4c                EXTI4_IRQHandler
                0x08001d4c                TIM1_TRG_COM_TIM17_IRQHandler
                0x08001d4c                COMP_IRQHandler
                0x08001d4c                WWDG_IRQHandler
                0x08001d4c                I2C4_EV_IRQHandler
                0x08001d4c                TIM2_IRQHandler
                0x08001d4c                DMA2D_IRQHandler
                0x08001d4c                EXTI1_IRQHandler
                0x08001d4c                USART2_IRQHandler
                0x08001d4c                DFSDM1_FLT0_IRQHandler
                0x08001d4c                I2C2_ER_IRQHandler
                0x08001d4c                TIM8_BRK_IRQHandler
                0x08001d4c                CAN1_SCE_IRQHandler
                0x08001d4c                FLASH_IRQHandler
                0x08001d4c                BusFault_Handler
                0x08001d4c                USART1_IRQHandler
                0x08001d4c                OTG_FS_IRQHandler
                0x08001d4c                SPI3_IRQHandler
                0x08001d4c                DMA2_CH6_IRQHandler
                0x08001d4c                DMA2_CH3_IRQHandler
                0x08001d4c                DMA2_CH2_IRQHandler
                0x08001d4c                I2C1_ER_IRQHandler
                0x08001d4c                FMC_IRQHandler
                0x08001d4c                DMA1_CH5_IRQHandler
                0x08001d4c                DMA2_CH4_IRQHandler
                0x08001d4c                SWPMI1_IRQHandler
                0x08001d4c                LPTIM1_IRQHandler
                0x08001d4c                I2C4_ER_IRQHandler
                0x08001d4c                SAI1_IRQHandler
                0x08001d4c                TIM1_BRK_TIM15_IRQHandler
 *fill*         0x08001d4e        0x2 
 .text.sprintf  0x08001d50       0x44 C:/ST/STM32CubeIDE_1.19.0/STM32CubeIDE/plugins/com.st.stm32cube.ide.mcu.externaltools.gnu-tools-for-stm32.13.3.rel1.win32_1.0.0.202411081344/tools/bin/../lib/gcc/arm-none-eabi/13.3.1/../../../../arm-none-eabi/lib/thumb/v7e-m+fp/hard\libc_nano.a(libc_a-sprintf.o)
                0x08001d50                siprintf
                0x08001d50                sprintf
 .text.__errno  0x08001d94        0xc C:/ST/STM32CubeIDE_1.19.0/STM32CubeIDE/plugins/com.st.stm32cube.ide.mcu.externaltools.gnu-tools-for-stm32.13.3.rel1.win32_1.0.0.202411081344/tools/bin/../lib/gcc/arm-none-eabi/13.3.1/../../../../arm-none-eabi/lib/thumb/v7e-m+fp/hard\libc_nano.a(libc_a-errno.o)
                0x08001d94                __errno
 .text.__libc_init_array
                0x08001da0       0x48 C:/ST/STM32CubeIDE_1.19.0/STM32CubeIDE/plugins/com.st.stm32cube.ide.mcu.externaltools.gnu-tools-for-stm32.13.3.rel1.win32_1.0.0.202411081344/tools/bin/../lib/gcc/arm-none-eabi/13.3.1/../../../../arm-none-eabi/lib/thumb/v7e-m+fp/hard\libc_nano.a(libc_a-init.o)
                0x08001da0                __libc_init_array
 .text.__retarget_lock_acquire_recursive
                0x08001de8        0x2 C:/ST/STM32CubeIDE_1.19.0/STM32CubeIDE/plugins/com.st.stm32cube.ide.mcu.externaltools.gnu-tools-for-stm32.13.3.rel1.win32_1.0.0.202411081344/tools/bin/../lib/gcc/arm-none-eabi/13.3.1/../../../../arm-none-eabi/lib/thumb/v7e-m+fp/hard\libc_nano.a(libc_a-lock.o)
                0x08001de8                __retarget_lock_acquire_recursive
 .text.__retarget_lock_release_recursive
                0x08001dea        0x2 C:/ST/STM32CubeIDE_1.19.0/STM32CubeIDE/plugins/com.st.stm32cube.ide.mcu.externaltools.gnu-tools-for-stm32.13.3.rel1.win32_1.0.0.202411081344/tools/bin/../lib/gcc/arm-none-eabi/13.3.1/../../../../arm-none-eabi/lib/thumb/v7e-m+fp/hard\libc_nano.a(libc_a-lock.o)
                0x08001dea                __retarget_lock_release_recursive
 .text._free_r  0x08001dec       0x94 C:/ST/STM32CubeIDE_1.19.0/STM32CubeIDE/plugins/com.st.stm32cube.ide.mcu.externaltools.gnu-tools-for-stm32.13.3.rel1.win32_1.0.0.202411081344/tools/bin/../lib/gcc/arm-none-eabi/13.3.1/../../../../arm-none-eabi/lib/thumb/v7e-m+fp/hard\libc_nano.a(libc_a-freer.o)
                0x08001dec                _free_r
 .text.sbrk_aligned
                0x08001e80       0x44 C:/ST/STM32CubeIDE_1.19.0/STM32CubeIDE/plugins/com.st.stm32cube.ide.mcu.externaltools.gnu-tools-for-stm32.13.3.rel1.win32_1.0.0.202411081344/tools/bin/../lib/gcc/arm-none-eabi/13.3.1/../../../../arm-none-eabi/lib/thumb/v7e-m+fp/hard\libc_nano.a(libc_a-mallocr.o)
 .text._malloc_r
                0x08001ec4      0x100 C:/ST/STM32CubeIDE_1.19.0/STM32CubeIDE/plugins/com.st.stm32cube.ide.mcu.externaltools.gnu-tools-for-stm32.13.3.rel1.win32_1.0.0.202411081344/tools/bin/../lib/gcc/arm-none-eabi/13.3.1/../../../../arm-none-eabi/lib/thumb/v7e-m+fp/hard\libc_nano.a(libc_a-mallocr.o)
                0x08001ec4                _malloc_r
 .text.__malloc_lock
                0x08001fc4        0xc C:/ST/STM32CubeIDE_1.19.0/STM32CubeIDE/plugins/com.st.stm32cube.ide.mcu.externaltools.gnu-tools-for-stm32.13.3.rel1.win32_1.0.0.202411081344/tools/bin/../lib/gcc/arm-none-eabi/13.3.1/../../../../arm-none-eabi/lib/thumb/v7e-m+fp/hard\libc_nano.a(libc_a-mlock.o)
                0x08001fc4                __malloc_lock
 .text.__malloc_unlock
                0x08001fd0        0xc C:/ST/STM32CubeIDE_1.19.0/STM32CubeIDE/plugins/com.st.stm32cube.ide.mcu.externaltools.gnu-tools-for-stm32.13.3.rel1.win32_1.0.0.202411081344/tools/bin/../lib/gcc/arm-none-eabi/13.3.1/../../../../arm-none-eabi/lib/thumb/v7e-m+fp/hard\libc_nano.a(libc_a-mlock.o)
                0x08001fd0                __malloc_unlock
 .text.__ssputs_r
                0x08001fdc       0xb6 C:/ST/STM32CubeIDE_1.19.0/STM32CubeIDE/plugins/com.st.stm32cube.ide.mcu.externaltools.gnu-tools-for-stm32.13.3.rel1.win32_1.0.0.202411081344/tools/bin/../lib/gcc/arm-none-eabi/13.3.1/../../../../arm-none-eabi/lib/thumb/v7e-m+fp/hard\libc_nano.a(libc_a-nano-svfprintf.o)
                0x08001fdc                __ssputs_r
 *fill*         0x08002092        0x2 
 .text._svfprintf_r
                0x08002094      0x1f8 C:/ST/STM32CubeIDE_1.19.0/STM32CubeIDE/plugins/com.st.stm32cube.ide.mcu.externaltools.gnu-tools-for-stm32.13.3.rel1.win32_1.0.0.202411081344/tools/bin/../lib/gcc/arm-none-eabi/13.3.1/../../../../arm-none-eabi/lib/thumb/v7e-m+fp/hard\libc_nano.a(libc_a-nano-svfprintf.o)
                0x08002094                _svfiprintf_r
                0x08002094                _svfprintf_r
 .text._printf_common
                0x0800228c       0xda C:/ST/STM32CubeIDE_1.19.0/STM32CubeIDE/plugins/com.st.stm32cube.ide.mcu.externaltools.gnu-tools-for-stm32.13.3.rel1.win32_1.0.0.202411081344/tools/bin/../lib/gcc/arm-none-eabi/13.3.1/../../../../arm-none-eabi/lib/thumb/v7e-m+fp/hard\libc_nano.a(libc_a-nano-vfprintf_i.o)
                0x0800228c                _printf_common
 *fill*         0x08002366        0x2 
 .text._printf_i
                0x08002368      0x23c C:/ST/STM32CubeIDE_1.19.0/STM32CubeIDE/plugins/com.st.stm32cube.ide.mcu.externaltools.gnu-tools-for-stm32.13.3.rel1.win32_1.0.0.202411081344/tools/bin/../lib/gcc/arm-none-eabi/13.3.1/../../../../arm-none-eabi/lib/thumb/v7e-m+fp/hard\libc_nano.a(libc_a-nano-vfprintf_i.o)
                0x08002368                _printf_i
 .text.memmove  0x080025a4       0x34 C:/ST/STM32CubeIDE_1.19.0/STM32CubeIDE/plugins/com.st.stm32cube.ide.mcu.externaltools.gnu-tools-for-stm32.13.3.rel1.win32_1.0.0.202411081344/tools/bin/../lib/gcc/arm-none-eabi/13.3.1/../../../../arm-none-eabi/lib/thumb/v7e-m+fp/hard\libc_nano.a(libc_a-memmove.o)
                0x080025a4                memmove
 .text._sbrk_r  0x080025d8       0x20 C:/ST/STM32CubeIDE_1.19.0/STM32CubeIDE/plugins/com.st.stm32cube.ide.mcu.externaltools.gnu-tools-for-stm32.13.3.rel1.win32_1.0.0.202411081344/tools/bin/../lib/gcc/arm-none-eabi/13.3.1/../../../../arm-none-eabi/lib/thumb/v7e-m+fp/hard\libc_nano.a(libc_a-sbrkr.o)
                0x080025d8                _sbrk_r
 .text.memcpy   0x080025f8       0x1c C:/ST/STM32CubeIDE_1.19.0/STM32CubeIDE/plugins/com.st.stm32cube.ide.mcu.externaltools.gnu-tools-for-stm32.13.3.rel1.win32_1.0.0.202411081344/tools/bin/../lib/gcc/arm-none-eabi/13.3.1/../../../../arm-none-eabi/lib/thumb/v7e-m+fp/hard\libc_nano.a(libc_a-memcpy-stub.o)
                0x080025f8                memcpy
 .text._realloc_r
                0x08002614       0x5c C:/ST/STM32CubeIDE_1.19.0/STM32CubeIDE/plugins/com.st.stm32cube.ide.mcu.externaltools.gnu-tools-for-stm32.13.3.rel1.win32_1.0.0.202411081344/tools/bin/../lib/gcc/arm-none-eabi/13.3.1/../../../../arm-none-eabi/lib/thumb/v7e-m+fp/hard\libc_nano.a(libc_a-reallocr.o)
                0x08002614                _realloc_r
 .text._malloc_usable_size_r
                0x08002670       0x10 C:/ST/STM32CubeIDE_1.19.0/STM32CubeIDE/plugins/com.st.stm32cube.ide.mcu.externaltools.gnu-tools-for-stm32.13.3.rel1.win32_1.0.0.202411081344/tools/bin/../lib/gcc/arm-none-eabi/13.3.1/../../../../arm-none-eabi/lib/thumb/v7e-m+fp/hard\libc_nano.a(libc_a-msizer.o)
                0x08002670                _malloc_usable_size_r
 *(.glue_7)
 .glue_7        0x08002680        0x0 linker stubs
 *(.glue_7t)
 .glue_7t       0x08002680        0x0 linker stubs
 *(.eh_frame)
 .eh_frame      0x08002680        0x0 C:/ST/STM32CubeIDE_1.19.0/STM32CubeIDE/plugins/com.st.stm32cube.ide.mcu.externaltools.gnu-tools-for-stm32.13.3.rel1.win32_1.0.0.202411081344/tools/bin/../lib/gcc/arm-none-eabi/13.3.1/thumb/v7e-m+fp/hard/crtbegin.o
 *(.init)
 .init          0x08002680        0x4 C:/ST/STM32CubeIDE_1.19.0/STM32CubeIDE/plugins/com.st.stm32cube.ide.mcu.externaltools.gnu-tools-for-stm32.13.3.rel1.win32_1.0.0.202411081344/tools/bin/../lib/gcc/arm-none-eabi/13.3.1/thumb/v7e-m+fp/hard/crti.o
                0x08002680                _init
 .init          0x08002684        0x8 C:/ST/STM32CubeIDE_1.19.0/STM32CubeIDE/plugins/com.st.stm32cube.ide.mcu.externaltools.gnu-tools-for-stm32.13.3.rel1.win32_1.0.0.202411081344/tools/bin/../lib/gcc/arm-none-eabi/13.3.1/thumb/v7e-m+fp/hard/crtn.o
 *(.fini)
 .fini          0x0800268c        0x4 C:/ST/STM32CubeIDE_1.19.0/STM32CubeIDE/plugins/com.st.stm32cube.ide.mcu.externaltools.gnu-tools-for-stm32.13.3.rel1.win32_1.0.0.202411081344/tools/bin/../lib/gcc/arm-none-eabi/13.3.1/thumb/v7e-m+fp/hard/crti.o
                0x0800268c                _fini
 .fini          0x08002690        0x8 C:/ST/STM32CubeIDE_1.19.0/STM32CubeIDE/plugins/com.st.stm32cube.ide.mcu.externaltools.gnu-tools-for-stm32.13.3.rel1.win32_1.0.0.202411081344/tools/bin/../lib/gcc/arm-none-eabi/13.3.1/thumb/v7e-m+fp/hard/crtn.o
                0x08002698                        . = ALIGN (0x4)
                0x08002698                        _etext = .

.vfp11_veneer   0x08002698        0x0
 .vfp11_veneer  0x08002698        0x0 linker stubs

.v4_bx          0x08002698        0x0
 .v4_bx         0x08002698        0x0 linker stubs

.iplt           0x08002698        0x0
 .iplt          0x08002698        0x0 C:/ST/STM32CubeIDE_1.19.0/STM32CubeIDE/plugins/com.st.stm32cube.ide.mcu.externaltools.gnu-tools-for-stm32.13.3.rel1.win32_1.0.0.202411081344/tools/bin/../lib/gcc/arm-none-eabi/13.3.1/thumb/v7e-m+fp/hard/crtbegin.o

.rodata         0x08002698      0x29c
                0x08002698                        . = ALIGN (0x4)
 *(.rodata)
 .rodata        0x08002698       0x68 ./Src/joy.o
 .rodata        0x08002700        0x4 ./Src/oled.o
 .rodata        0x08002704      0x105 ./Src/uart_protocol.o
 *(.rodata*)
 *fill*         0x08002809        0x3 
 .rodata.OledChars
                0x0800280c       0x29 ./Src/ascii.o
                0x0800280c                OledChars
 *fill*         0x08002835        0x3 
 .rodata.Ascii  0x08002838       0xc8 ./Src/ascii.o
                0x08002838                Ascii
 .rodata._svfprintf_r.str1.1
                0x08002900       0x33 C:/ST/STM32CubeIDE_1.19.0/STM32CubeIDE/plugins/com.st.stm32cube.ide.mcu.externaltools.gnu-tools-for-stm32.13.3.rel1.win32_1.0.0.202411081344/tools/bin/../lib/gcc/arm-none-eabi/13.3.1/../../../../arm-none-eabi/lib/thumb/v7e-m+fp/hard\libc_nano.a(libc_a-nano-svfprintf.o)
                                 0x11 (size before relaxing)
 .rodata._printf_i.str1.1
                0x08002933       0x22 C:/ST/STM32CubeIDE_1.19.0/STM32CubeIDE/plugins/com.st.stm32cube.ide.mcu.externaltools.gnu-tools-for-stm32.13.3.rel1.win32_1.0.0.202411081344/tools/bin/../lib/gcc/arm-none-eabi/13.3.1/../../../../arm-none-eabi/lib/thumb/v7e-m+fp/hard\libc_nano.a(libc_a-nano-vfprintf_i.o)
                0x08002958                        . = ALIGN (0x4)
 *fill*         0x08002933        0x1 

.ARM.extab      0x08002934        0x0
                0x08002934                        . = ALIGN (0x4)
 *(.ARM.extab* .gnu.linkonce.armextab.*)
                0x08002934                        . = ALIGN (0x4)

.ARM            0x08002934        0x8
                0x08002934                        . = ALIGN (0x4)
                0x08002934                        __exidx_start = .
 *(.ARM.exidx*)
 .ARM.exidx     0x08002934        0x8 C:/ST/STM32CubeIDE_1.19.0/STM32CubeIDE/plugins/com.st.stm32cube.ide.mcu.externaltools.gnu-tools-for-stm32.13.3.rel1.win32_1.0.0.202411081344/tools/bin/../lib/gcc/arm-none-eabi/13.3.1/../../../../arm-none-eabi/lib/thumb/v7e-m+fp/hard\libc_nano.a(libc_a-strcmp.o)
 .ARM.exidx     0x0800293c        0x0 C:/ST/STM32CubeIDE_1.19.0/STM32CubeIDE/plugins/com.st.stm32cube.ide.mcu.externaltools.gnu-tools-for-stm32.13.3.rel1.win32_1.0.0.202411081344/tools/bin/../lib/gcc/arm-none-eabi/13.3.1/../../../../arm-none-eabi/lib/thumb/v7e-m+fp/hard\libc_nano.a(libc_a-memchr.o)
                                  0x8 (size before relaxing)
                0x0800293c                        __exidx_end = .
                0x0800293c                        . = ALIGN (0x4)

.preinit_array  0x0800293c        0x0
                0x0800293c                        . = ALIGN (0x4)
                0x0800293c                        PROVIDE (__preinit_array_start = .)
 *(.preinit_array*)
                0x0800293c                        PROVIDE (__preinit_array_end = .)
                0x0800293c                        . = ALIGN (0x4)

.init_array     0x0800293c        0x4
                0x0800293c                        . = ALIGN (0x4)
                0x0800293c                        PROVIDE (__init_array_start = .)
 *(SORT_BY_NAME(.init_array.*))
 *(.init_array*)
 .init_array    0x0800293c        0x4 C:/ST/STM32CubeIDE_1.19.0/STM32CubeIDE/plugins/com.st.stm32cube.ide.mcu.externaltools.gnu-tools-for-stm32.13.3.rel1.win32_1.0.0.202411081344/tools/bin/../lib/gcc/arm-none-eabi/13.3.1/thumb/v7e-m+fp/hard/crtbegin.o
                0x08002940                        PROVIDE (__init_array_end = .)
                0x08002940                        . = ALIGN (0x4)

.fini_array     0x08002940        0x4
                0x08002940                        . = ALIGN (0x4)
                [!provide]                        PROVIDE (__fini_array_start = .)
 *(SORT_BY_NAME(.fini_array.*))
 *(.fini_array*)
 .fini_array    0x08002940        0x4 C:/ST/STM32CubeIDE_1.19.0/STM32CubeIDE/plugins/com.st.stm32cube.ide.mcu.externaltools.gnu-tools-for-stm32.13.3.rel1.win32_1.0.0.202411081344/tools/bin/../lib/gcc/arm-none-eabi/13.3.1/thumb/v7e-m+fp/hard/crtbegin.o
                [!provide]                        PROVIDE (__fini_array_end = .)
                0x08002944                        . = ALIGN (0x4)
                0x08002944                        _sidata = LOADADDR (.data)

.rel.dyn        0x08002944        0x0
 .rel.iplt      0x08002944        0x0 C:/ST/STM32CubeIDE_1.19.0/STM32CubeIDE/plugins/com.st.stm32cube.ide.mcu.externaltools.gnu-tools-for-stm32.13.3.rel1.win32_1.0.0.202411081344/tools/bin/../lib/gcc/arm-none-eabi/13.3.1/thumb/v7e-m+fp/hard/crtbegin.o

.data           0x20000000       0x54 load address 0x08002944
                0x20000000                        . = ALIGN (0x4)
                0x20000000                        _sdata = .
 *(.data)
 *(.data*)
 .data.last_move
                0x20000000        0x1 ./Src/joy.o
                0x20000000                last_move
 .data.Speed_Percent
                0x20000001        0x1 ./Src/uart_protocol.o
                0x20000001                Speed_Percent
 *fill*         0x20000002        0x2 
 .data._impure_ptr
                0x20000004        0x4 C:/ST/STM32CubeIDE_1.19.0/STM32CubeIDE/plugins/com.st.stm32cube.ide.mcu.externaltools.gnu-tools-for-stm32.13.3.rel1.win32_1.0.0.202411081344/tools/bin/../lib/gcc/arm-none-eabi/13.3.1/../../../../arm-none-eabi/lib/thumb/v7e-m+fp/hard\libc_nano.a(libc_a-impure.o)
                0x20000004                _impure_ptr
 .data._impure_data
                0x20000008       0x4c C:/ST/STM32CubeIDE_1.19.0/STM32CubeIDE/plugins/com.st.stm32cube.ide.mcu.externaltools.gnu-tools-for-stm32.13.3.rel1.win32_1.0.0.202411081344/tools/bin/../lib/gcc/arm-none-eabi/13.3.1/../../../../arm-none-eabi/lib/thumb/v7e-m+fp/hard\libc_nano.a(libc_a-impure.o)
                0x20000008                _impure_data
 *(.RamFunc)
 *(.RamFunc*)
                0x20000054                        . = ALIGN (0x4)
                0x20000054                        _edata = .
                0x08002998                        _sisram2 = LOADADDR (.sram2)

.igot.plt       0x20000054        0x0 load address 0x08002998
 .igot.plt      0x20000054        0x0 C:/ST/STM32CubeIDE_1.19.0/STM32CubeIDE/plugins/com.st.stm32cube.ide.mcu.externaltools.gnu-tools-for-stm32.13.3.rel1.win32_1.0.0.202411081344/tools/bin/../lib/gcc/arm-none-eabi/13.3.1/thumb/v7e-m+fp/hard/crtbegin.o

.sram2          0x10000000        0x0 load address 0x08002998
                0x10000000                        . = ALIGN (0x4)
                0x10000000                        _ssram2 = .
 *(.sram2)
 *(.sram2*)
                0x10000000                        . = ALIGN (0x4)
                0x10000000                        _esram2 = .
                0x10000000                        . = ALIGN (0x4)

.bss            0x20000054      0x348
                0x20000054                        _sbss = .
                0x20000054                        __bss_start__ = _sbss
 *(.bss)
 .bss           0x20000054       0x1c C:/ST/STM32CubeIDE_1.19.0/STM32CubeIDE/plugins/com.st.stm32cube.ide.mcu.externaltools.gnu-tools-for-stm32.13.3.rel1.win32_1.0.0.202411081344/tools/bin/../lib/gcc/arm-none-eabi/13.3.1/thumb/v7e-m+fp/hard/crtbegin.o
 *(.bss*)
 .bss.position  0x20000070        0x4 ./Src/encoder.o
 .bss.angle     0x20000074        0x4 ./Src/encoder.o
 .bss.rpm       0x20000078        0x4 ./Src/encoder.o
 .bss.last_time
                0x2000007c        0x4 ./Src/encoder.o
 .bss.last_CNT  0x20000080        0x2 ./Src/encoder.o
 *fill*         0x20000082        0x2 
 .bss.txt       0x20000084       0x14 ./Src/joy.o
                0x20000084                txt
 .bss.motor_running
                0x20000098        0x1 ./Src/joy.o
                0x20000098                motor_running
 *fill*         0x20000099        0x3 
 .bss.BuffTx    0x2000009c       0x64 ./Src/lpuart.o
                0x2000009c                BuffTx
 .bss.BuffRx    0x20000100       0x64 ./Src/lpuart.o
                0x20000100                BuffRx
 .bss.tx_busy   0x20000164        0x4 ./Src/lpuart.o
                0x20000164                tx_busy
 .bss.tx_index  0x20000168        0x4 ./Src/lpuart.o
                0x20000168                tx_index
 .bss.rx_index  0x2000016c        0x4 ./Src/lpuart.o
                0x2000016c                rx_index
 .bss.rx_ready  0x20000170        0x1 ./Src/lpuart.o
                0x20000170                rx_ready
 *fill*         0x20000171        0x3 
 .bss.encoder_angle
                0x20000174        0x4 ./Src/main.o
                0x20000174                encoder_angle
 .bss.encoder_rpm
                0x20000178        0x4 ./Src/main.o
                0x20000178                encoder_rpm
 .bss.state     0x2000017c        0x1 ./Src/state_machine.o
                0x2000017c                state
 *fill*         0x2000017d        0x3 
 .bss.Tick      0x20000180        0x4 ./Src/sys_clocks.o
                0x20000180                Tick
 .bss.__sbrk_heap_end
                0x20000184        0x4 ./Src/sysmem.o
 .bss.current_command
                0x20000188        0x1 ./Src/uart_protocol.o
                0x20000188                current_command
 .bss.Value     0x20000189        0x1 ./Src/uart_protocol.o
                0x20000189                Value
 *fill*         0x2000018a        0x2 
 .bss.word      0x2000018c       0x64 ./Src/uart_protocol.o
 .bss.word2     0x200001f0       0x64 ./Src/uart_protocol.o
 .bss.__sf      0x20000254      0x138 C:/ST/STM32CubeIDE_1.19.0/STM32CubeIDE/plugins/com.st.stm32cube.ide.mcu.externaltools.gnu-tools-for-stm32.13.3.rel1.win32_1.0.0.202411081344/tools/bin/../lib/gcc/arm-none-eabi/13.3.1/../../../../arm-none-eabi/lib/thumb/v7e-m+fp/hard\libc_nano.a(libc_a-findfp.o)
                0x20000254                __sf
 .bss.errno     0x2000038c        0x4 C:/ST/STM32CubeIDE_1.19.0/STM32CubeIDE/plugins/com.st.stm32cube.ide.mcu.externaltools.gnu-tools-for-stm32.13.3.rel1.win32_1.0.0.202411081344/tools/bin/../lib/gcc/arm-none-eabi/13.3.1/../../../../arm-none-eabi/lib/thumb/v7e-m+fp/hard\libc_nano.a(libc_a-reent.o)
                0x2000038c                errno
 .bss.__lock___malloc_recursive_mutex
                0x20000390        0x1 C:/ST/STM32CubeIDE_1.19.0/STM32CubeIDE/plugins/com.st.stm32cube.ide.mcu.externaltools.gnu-tools-for-stm32.13.3.rel1.win32_1.0.0.202411081344/tools/bin/../lib/gcc/arm-none-eabi/13.3.1/../../../../arm-none-eabi/lib/thumb/v7e-m+fp/hard\libc_nano.a(libc_a-lock.o)
                0x20000390                __lock___malloc_recursive_mutex
 *fill*         0x20000391        0x3 
 .bss.__malloc_sbrk_start
                0x20000394        0x4 C:/ST/STM32CubeIDE_1.19.0/STM32CubeIDE/plugins/com.st.stm32cube.ide.mcu.externaltools.gnu-tools-for-stm32.13.3.rel1.win32_1.0.0.202411081344/tools/bin/../lib/gcc/arm-none-eabi/13.3.1/../../../../arm-none-eabi/lib/thumb/v7e-m+fp/hard\libc_nano.a(libc_a-mallocr.o)
                0x20000394                __malloc_sbrk_start
 .bss.__malloc_free_list
                0x20000398        0x4 C:/ST/STM32CubeIDE_1.19.0/STM32CubeIDE/plugins/com.st.stm32cube.ide.mcu.externaltools.gnu-tools-for-stm32.13.3.rel1.win32_1.0.0.202411081344/tools/bin/../lib/gcc/arm-none-eabi/13.3.1/../../../../arm-none-eabi/lib/thumb/v7e-m+fp/hard\libc_nano.a(libc_a-mallocr.o)
                0x20000398                __malloc_free_list
 *(COMMON)
                0x2000039c                        . = ALIGN (0x4)
                0x2000039c                        _ebss = .
                0x2000039c                        __bss_end__ = _ebss

._user_heap_stack
                0x2000039c      0x604
                0x200003a0                        . = ALIGN (0x8)
 *fill*         0x2000039c        0x4 
                [!provide]                        PROVIDE (end = .)
                0x200003a0                        PROVIDE (_end = .)
                0x200005a0                        . = (. + _Min_Heap_Size)
 *fill*         0x200003a0      0x200 
                0x200009a0                        . = (. + _Min_Stack_Size)
 *fill*         0x200005a0      0x400 
                0x200009a0                        . = ALIGN (0x8)

/DISCARD/
 libc.a(*)
 libm.a(*)
 libgcc.a(*)

.ARM.attributes
                0x00000000       0x30
 *(.ARM.attributes)
 .ARM.attributes
                0x00000000       0x22 C:/ST/STM32CubeIDE_1.19.0/STM32CubeIDE/plugins/com.st.stm32cube.ide.mcu.externaltools.gnu-tools-for-stm32.13.3.rel1.win32_1.0.0.202411081344/tools/bin/../lib/gcc/arm-none-eabi/13.3.1/thumb/v7e-m+fp/hard/crti.o
 .ARM.attributes
                0x00000022       0x34 C:/ST/STM32CubeIDE_1.19.0/STM32CubeIDE/plugins/com.st.stm32cube.ide.mcu.externaltools.gnu-tools-for-stm32.13.3.rel1.win32_1.0.0.202411081344/tools/bin/../lib/gcc/arm-none-eabi/13.3.1/thumb/v7e-m+fp/hard/crtbegin.o
 .ARM.attributes
                0x00000056       0x34 ./Src/ascii.o
 .ARM.attributes
                0x0000008a       0x34 ./Src/encoder.o
 .ARM.attributes
                0x000000be       0x34 ./Src/i2c.o
 .ARM.attributes
                0x000000f2       0x34 ./Src/joy.o
 .ARM.attributes
                0x00000126       0x34 ./Src/lpuart.o
 .ARM.attributes
                0x0000015a       0x34 ./Src/main.o
 .ARM.attributes
                0x0000018e       0x34 ./Src/motor.o
 .ARM.attributes
                0x000001c2       0x34 ./Src/oled.o
 .ARM.attributes
                0x000001f6       0x34 ./Src/state_machine.o
 .ARM.attributes
                0x0000022a       0x34 ./Src/sys_clocks.o
 .ARM.attributes
                0x0000025e       0x34 ./Src/sysmem.o
 .ARM.attributes
                0x00000292       0x34 ./Src/tim.o
 .ARM.attributes
                0x000002c6       0x34 ./Src/uart_protocol.o
 .ARM.attributes
                0x000002fa       0x21 ./Startup/startup_stm32l496zgtx.o
 .ARM.attributes
                0x0000031b       0x34 C:/ST/STM32CubeIDE_1.19.0/STM32CubeIDE/plugins/com.st.stm32cube.ide.mcu.externaltools.gnu-tools-for-stm32.13.3.rel1.win32_1.0.0.202411081344/tools/bin/../lib/gcc/arm-none-eabi/13.3.1/../../../../arm-none-eabi/lib/thumb/v7e-m+fp/hard\libc_nano.a(libc_a-findfp.o)
 .ARM.attributes
                0x0000034f       0x34 C:/ST/STM32CubeIDE_1.19.0/STM32CubeIDE/plugins/com.st.stm32cube.ide.mcu.externaltools.gnu-tools-for-stm32.13.3.rel1.win32_1.0.0.202411081344/tools/bin/../lib/gcc/arm-none-eabi/13.3.1/../../../../arm-none-eabi/lib/thumb/v7e-m+fp/hard\libc_nano.a(libc_a-sprintf.o)
 .ARM.attributes
                0x00000383       0x34 C:/ST/STM32CubeIDE_1.19.0/STM32CubeIDE/plugins/com.st.stm32cube.ide.mcu.externaltools.gnu-tools-for-stm32.13.3.rel1.win32_1.0.0.202411081344/tools/bin/../lib/gcc/arm-none-eabi/13.3.1/../../../../arm-none-eabi/lib/thumb/v7e-m+fp/hard\libc_nano.a(libc_a-reent.o)
 .ARM.attributes
                0x000003b7       0x34 C:/ST/STM32CubeIDE_1.19.0/STM32CubeIDE/plugins/com.st.stm32cube.ide.mcu.externaltools.gnu-tools-for-stm32.13.3.rel1.win32_1.0.0.202411081344/tools/bin/../lib/gcc/arm-none-eabi/13.3.1/../../../../arm-none-eabi/lib/thumb/v7e-m+fp/hard\libc_nano.a(libc_a-impure.o)
 .ARM.attributes
                0x000003eb       0x34 C:/ST/STM32CubeIDE_1.19.0/STM32CubeIDE/plugins/com.st.stm32cube.ide.mcu.externaltools.gnu-tools-for-stm32.13.3.rel1.win32_1.0.0.202411081344/tools/bin/../lib/gcc/arm-none-eabi/13.3.1/../../../../arm-none-eabi/lib/thumb/v7e-m+fp/hard\libc_nano.a(libc_a-errno.o)
 .ARM.attributes
                0x0000041f       0x34 C:/ST/STM32CubeIDE_1.19.0/STM32CubeIDE/plugins/com.st.stm32cube.ide.mcu.externaltools.gnu-tools-for-stm32.13.3.rel1.win32_1.0.0.202411081344/tools/bin/../lib/gcc/arm-none-eabi/13.3.1/../../../../arm-none-eabi/lib/thumb/v7e-m+fp/hard\libc_nano.a(libc_a-init.o)
 .ARM.attributes
                0x00000453       0x34 C:/ST/STM32CubeIDE_1.19.0/STM32CubeIDE/plugins/com.st.stm32cube.ide.mcu.externaltools.gnu-tools-for-stm32.13.3.rel1.win32_1.0.0.202411081344/tools/bin/../lib/gcc/arm-none-eabi/13.3.1/../../../../arm-none-eabi/lib/thumb/v7e-m+fp/hard\libc_nano.a(libc_a-lock.o)
 .ARM.attributes
                0x00000487       0x20 C:/ST/STM32CubeIDE_1.19.0/STM32CubeIDE/plugins/com.st.stm32cube.ide.mcu.externaltools.gnu-tools-for-stm32.13.3.rel1.win32_1.0.0.202411081344/tools/bin/../lib/gcc/arm-none-eabi/13.3.1/../../../../arm-none-eabi/lib/thumb/v7e-m+fp/hard\libc_nano.a(libc_a-strcmp.o)
 .ARM.attributes
                0x000004a7       0x34 C:/ST/STM32CubeIDE_1.19.0/STM32CubeIDE/plugins/com.st.stm32cube.ide.mcu.externaltools.gnu-tools-for-stm32.13.3.rel1.win32_1.0.0.202411081344/tools/bin/../lib/gcc/arm-none-eabi/13.3.1/../../../../arm-none-eabi/lib/thumb/v7e-m+fp/hard\libc_nano.a(libc_a-freer.o)
 .ARM.attributes
                0x000004db       0x34 C:/ST/STM32CubeIDE_1.19.0/STM32CubeIDE/plugins/com.st.stm32cube.ide.mcu.externaltools.gnu-tools-for-stm32.13.3.rel1.win32_1.0.0.202411081344/tools/bin/../lib/gcc/arm-none-eabi/13.3.1/../../../../arm-none-eabi/lib/thumb/v7e-m+fp/hard\libc_nano.a(libc_a-mallocr.o)
 .ARM.attributes
                0x0000050f       0x34 C:/ST/STM32CubeIDE_1.19.0/STM32CubeIDE/plugins/com.st.stm32cube.ide.mcu.externaltools.gnu-tools-for-stm32.13.3.rel1.win32_1.0.0.202411081344/tools/bin/../lib/gcc/arm-none-eabi/13.3.1/../../../../arm-none-eabi/lib/thumb/v7e-m+fp/hard\libc_nano.a(libc_a-mlock.o)
 .ARM.attributes
                0x00000543       0x34 C:/ST/STM32CubeIDE_1.19.0/STM32CubeIDE/plugins/com.st.stm32cube.ide.mcu.externaltools.gnu-tools-for-stm32.13.3.rel1.win32_1.0.0.202411081344/tools/bin/../lib/gcc/arm-none-eabi/13.3.1/../../../../arm-none-eabi/lib/thumb/v7e-m+fp/hard\libc_nano.a(libc_a-nano-svfprintf.o)
 .ARM.attributes
                0x00000577       0x34 C:/ST/STM32CubeIDE_1.19.0/STM32CubeIDE/plugins/com.st.stm32cube.ide.mcu.externaltools.gnu-tools-for-stm32.13.3.rel1.win32_1.0.0.202411081344/tools/bin/../lib/gcc/arm-none-eabi/13.3.1/../../../../arm-none-eabi/lib/thumb/v7e-m+fp/hard\libc_nano.a(libc_a-nano-vfprintf_i.o)
 .ARM.attributes
                0x000005ab       0x34 C:/ST/STM32CubeIDE_1.19.0/STM32CubeIDE/plugins/com.st.stm32cube.ide.mcu.externaltools.gnu-tools-for-stm32.13.3.rel1.win32_1.0.0.202411081344/tools/bin/../lib/gcc/arm-none-eabi/13.3.1/../../../../arm-none-eabi/lib/thumb/v7e-m+fp/hard\libc_nano.a(libc_a-memmove.o)
 .ARM.attributes
                0x000005df       0x34 C:/ST/STM32CubeIDE_1.19.0/STM32CubeIDE/plugins/com.st.stm32cube.ide.mcu.externaltools.gnu-tools-for-stm32.13.3.rel1.win32_1.0.0.202411081344/tools/bin/../lib/gcc/arm-none-eabi/13.3.1/../../../../arm-none-eabi/lib/thumb/v7e-m+fp/hard\libc_nano.a(libc_a-sbrkr.o)
 .ARM.attributes
                0x00000613       0x1c C:/ST/STM32CubeIDE_1.19.0/STM32CubeIDE/plugins/com.st.stm32cube.ide.mcu.externaltools.gnu-tools-for-stm32.13.3.rel1.win32_1.0.0.202411081344/tools/bin/../lib/gcc/arm-none-eabi/13.3.1/../../../../arm-none-eabi/lib/thumb/v7e-m+fp/hard\libc_nano.a(libc_a-memchr.o)
 .ARM.attributes
                0x0000062f       0x34 C:/ST/STM32CubeIDE_1.19.0/STM32CubeIDE/plugins/com.st.stm32cube.ide.mcu.externaltools.gnu-tools-for-stm32.13.3.rel1.win32_1.0.0.202411081344/tools/bin/../lib/gcc/arm-none-eabi/13.3.1/../../../../arm-none-eabi/lib/thumb/v7e-m+fp/hard\libc_nano.a(libc_a-memcpy-stub.o)
 .ARM.attributes
                0x00000663       0x34 C:/ST/STM32CubeIDE_1.19.0/STM32CubeIDE/plugins/com.st.stm32cube.ide.mcu.externaltools.gnu-tools-for-stm32.13.3.rel1.win32_1.0.0.202411081344/tools/bin/../lib/gcc/arm-none-eabi/13.3.1/../../../../arm-none-eabi/lib/thumb/v7e-m+fp/hard\libc_nano.a(libc_a-reallocr.o)
 .ARM.attributes
                0x00000697       0x34 C:/ST/STM32CubeIDE_1.19.0/STM32CubeIDE/plugins/com.st.stm32cube.ide.mcu.externaltools.gnu-tools-for-stm32.13.3.rel1.win32_1.0.0.202411081344/tools/bin/../lib/gcc/arm-none-eabi/13.3.1/../../../../arm-none-eabi/lib/thumb/v7e-m+fp/hard\libc_nano.a(libc_a-msizer.o)
 .ARM.attributes
                0x000006cb       0x22 C:/ST/STM32CubeIDE_1.19.0/STM32CubeIDE/plugins/com.st.stm32cube.ide.mcu.externaltools.gnu-tools-for-stm32.13.3.rel1.win32_1.0.0.202411081344/tools/bin/../lib/gcc/arm-none-eabi/13.3.1/thumb/v7e-m+fp/hard/crtn.o
OUTPUT(STM32 Motorized Camera Platform.elf elf32-littlearm)
LOAD linker stubs
LOAD C:/ST/STM32CubeIDE_1.19.0/STM32CubeIDE/plugins/com.st.stm32cube.ide.mcu.externaltools.gnu-tools-for-stm32.13.3.rel1.win32_1.0.0.202411081344/tools/bin/../lib/gcc/arm-none-eabi/13.3.1/../../../../arm-none-eabi/lib/thumb/v7e-m+fp/hard\libc.a
LOAD C:/ST/STM32CubeIDE_1.19.0/STM32CubeIDE/plugins/com.st.stm32cube.ide.mcu.externaltools.gnu-tools-for-stm32.13.3.rel1.win32_1.0.0.202411081344/tools/bin/../lib/gcc/arm-none-eabi/13.3.1/../../../../arm-none-eabi/lib/thumb/v7e-m+fp/hard\libm.a
LOAD C:/ST/STM32CubeIDE_1.19.0/STM32CubeIDE/plugins/com.st.stm32cube.ide.mcu.externaltools.gnu-tools-for-stm32.13.3.rel1.win32_1.0.0.202411081344/tools/bin/../lib/gcc/arm-none-eabi/13.3.1/thumb/v7e-m+fp/hard\libgcc.a

.debug_info     0x00000000     0x3ebe
 .debug_info    0x00000000      0x120 ./Src/ascii.o
 .debug_info    0x00000120      0x5f3 ./Src/encoder.o
 .debug_info    0x00000713      0x4af ./Src/i2c.o
 .debug_info    0x00000bc2      0x629 ./Src/joy.o
 .debug_info    0x000011eb      0xb59 ./Src/lpuart.o
 .debug_info    0x00001d44      0x186 ./Src/main.o
 .debug_info    0x00001eca      0x3d2 ./Src/motor.o
 .debug_info    0x0000229c      0x427 ./Src/oled.o
 .debug_info    0x000026c3      0x19d ./Src/state_machine.o
 .debug_info    0x00002860      0xad8 ./Src/sys_clocks.o
 .debug_info    0x00003338      0x168 ./Src/sysmem.o
 .debug_info    0x000034a0      0x45b ./Src/tim.o
 .debug_info    0x000038fb      0x593 ./Src/uart_protocol.o
 .debug_info    0x00003e8e       0x30 ./Startup/startup_stm32l496zgtx.o

.debug_abbrev   0x00000000     0x1005
 .debug_abbrev  0x00000000       0x7b ./Src/ascii.o
 .debug_abbrev  0x0000007b      0x158 ./Src/encoder.o
 .debug_abbrev  0x000001d3      0x122 ./Src/i2c.o
 .debug_abbrev  0x000002f5      0x184 ./Src/joy.o
 .debug_abbrev  0x00000479      0x1f6 ./Src/lpuart.o
 .debug_abbrev  0x0000066f       0x9c ./Src/main.o
 .debug_abbrev  0x0000070b       0xf6 ./Src/motor.o
 .debug_abbrev  0x00000801      0x122 ./Src/oled.o
 .debug_abbrev  0x00000923      0x10f ./Src/state_machine.o
 .debug_abbrev  0x00000a32      0x1ef ./Src/sys_clocks.o
 .debug_abbrev  0x00000c21       0xbc ./Src/sysmem.o
 .debug_abbrev  0x00000cdd       0xdc ./Src/tim.o
 .debug_abbrev  0x00000db9      0x228 ./Src/uart_protocol.o
 .debug_abbrev  0x00000fe1       0x24 ./Startup/startup_stm32l496zgtx.o

.debug_aranges  0x00000000      0x388
 .debug_aranges
                0x00000000       0x18 ./Src/ascii.o
 .debug_aranges
                0x00000018       0x50 ./Src/encoder.o
 .debug_aranges
                0x00000068       0x30 ./Src/i2c.o
 .debug_aranges
                0x00000098       0x50 ./Src/joy.o
 .debug_aranges
                0x000000e8       0x48 ./Src/lpuart.o
 .debug_aranges
                0x00000130       0x20 ./Src/main.o
 .debug_aranges
                0x00000150       0x40 ./Src/motor.o
 .debug_aranges
                0x00000190       0x68 ./Src/oled.o
 .debug_aranges
                0x000001f8       0x40 ./Src/state_machine.o
 .debug_aranges
                0x00000238       0x60 ./Src/sys_clocks.o
 .debug_aranges
                0x00000298       0x20 ./Src/sysmem.o
 .debug_aranges
                0x000002b8       0x38 ./Src/tim.o
 .debug_aranges
                0x000002f0       0x70 ./Src/uart_protocol.o
 .debug_aranges
                0x00000360       0x28 ./Startup/startup_stm32l496zgtx.o

.debug_macro    0x00000000    0x20402
 .debug_macro   0x00000000       0x79 ./Src/ascii.o
 .debug_macro   0x00000079      0xae4 ./Src/ascii.o
 .debug_macro   0x00000b5d       0x22 ./Src/ascii.o
 .debug_macro   0x00000b7f       0x8e ./Src/ascii.o
 .debug_macro   0x00000c0d       0x51 ./Src/ascii.o
 .debug_macro   0x00000c5e      0x103 ./Src/ascii.o
 .debug_macro   0x00000d61       0x6a ./Src/ascii.o
 .debug_macro   0x00000dcb      0x1df ./Src/ascii.o
 .debug_macro   0x00000faa       0xef ./Src/encoder.o
 .debug_macro   0x00001099       0x28 ./Src/encoder.o
 .debug_macro   0x000010c1       0x1c ./Src/encoder.o
 .debug_macro   0x000010dd       0x22 ./Src/encoder.o
 .debug_macro   0x000010ff       0xfb ./Src/encoder.o
 .debug_macro   0x000011fa     0x1011 ./Src/encoder.o
 .debug_macro   0x0000220b      0x11f ./Src/encoder.o
 .debug_macro   0x0000232a    0x1c1f6 ./Src/encoder.o
 .debug_macro   0x0001e520       0xe7 ./Src/i2c.o
 .debug_macro   0x0001e607      0x21a ./Src/joy.o
 .debug_macro   0x0001e821       0x61 ./Src/joy.o
 .debug_macro   0x0001e882       0x2a ./Src/joy.o
 .debug_macro   0x0001e8ac       0x43 ./Src/joy.o
 .debug_macro   0x0001e8ef       0x34 ./Src/joy.o
 .debug_macro   0x0001e923       0x16 ./Src/joy.o
 .debug_macro   0x0001e939       0x9e ./Src/joy.o
 .debug_macro   0x0001e9d7      0x370 ./Src/joy.o
 .debug_macro   0x0001ed47      0x112 ./Src/joy.o
 .debug_macro   0x0001ee59       0x10 ./Src/joy.o
 .debug_macro   0x0001ee69       0x16 ./Src/joy.o
 .debug_macro   0x0001ee7f       0x4a ./Src/joy.o
 .debug_macro   0x0001eec9       0x34 ./Src/joy.o
 .debug_macro   0x0001eefd       0x10 ./Src/joy.o
 .debug_macro   0x0001ef0d       0x58 ./Src/joy.o
 .debug_macro   0x0001ef65       0x8e ./Src/joy.o
 .debug_macro   0x0001eff3       0x1c ./Src/joy.o
 .debug_macro   0x0001f00f      0x185 ./Src/joy.o
 .debug_macro   0x0001f194       0x16 ./Src/joy.o
 .debug_macro   0x0001f1aa       0x16 ./Src/joy.o
 .debug_macro   0x0001f1c0      0x146 ./Src/joy.o
 .debug_macro   0x0001f306       0x16 ./Src/joy.o
 .debug_macro   0x0001f31c       0x3c ./Src/joy.o
 .debug_macro   0x0001f358       0x20 ./Src/joy.o
 .debug_macro   0x0001f378      0x1ba ./Src/lpuart.o
 .debug_macro   0x0001f532      0x190 ./Src/lpuart.o
 .debug_macro   0x0001f6c2       0x10 ./Src/lpuart.o
 .debug_macro   0x0001f6d2      0x210 ./Src/main.o
 .debug_macro   0x0001f8e2       0xeb ./Src/motor.o
 .debug_macro   0x0001f9cd      0x107 ./Src/oled.o
 .debug_macro   0x0001fad4      0x1d2 ./Src/state_machine.o
 .debug_macro   0x0001fca6       0xe1 ./Src/sys_clocks.o
 .debug_macro   0x0001fd87      0x112 ./Src/sysmem.o
 .debug_macro   0x0001fe99      0x23c ./Src/sysmem.o
 .debug_macro   0x000200d5       0xf3 ./Src/tim.o
 .debug_macro   0x000201c8      0x21e ./Src/uart_protocol.o
 .debug_macro   0x000203e6       0x1c ./Src/uart_protocol.o

.debug_line     0x00000000     0x5a50
 .debug_line    0x00000000      0x400 ./Src/ascii.o
 .debug_line    0x00000400      0x62c ./Src/encoder.o
 .debug_line    0x00000a2c      0x64b ./Src/i2c.o
 .debug_line    0x00001077      0x903 ./Src/joy.o
 .debug_line    0x0000197a      0x806 ./Src/lpuart.o
 .debug_line    0x00002180      0x6e8 ./Src/main.o
 .debug_line    0x00002868      0x59e ./Src/motor.o
 .debug_line    0x00002e06      0x6eb ./Src/oled.o
 .debug_line    0x000034f1      0x759 ./Src/state_machine.o
 .debug_line    0x00003c4a      0x7d3 ./Src/sys_clocks.o
 .debug_line    0x0000441d      0x583 ./Src/sysmem.o
 .debug_line    0x000049a0      0x5ea ./Src/tim.o
 .debug_line    0x00004f8a      0xa4b ./Src/uart_protocol.o
 .debug_line    0x000059d5       0x7b ./Startup/startup_stm32l496zgtx.o

.debug_str      0x00000000    0xad759
 .debug_str     0x00000000    0xad759 ./Src/ascii.o
                               0x3df0 (size before relaxing)
 .debug_str     0x000ad759    0xa8cc1 ./Src/encoder.o
 .debug_str     0x000ad759    0xa8bdf ./Src/i2c.o
 .debug_str     0x000ad759    0xac844 ./Src/joy.o
 .debug_str     0x000ad759    0xac795 ./Src/lpuart.o
 .debug_str     0x000ad759    0xac0ca ./Src/main.o
 .debug_str     0x000ad759    0xa8bb7 ./Src/motor.o
 .debug_str     0x000ad759    0xa8b42 ./Src/oled.o
 .debug_str     0x000ad759    0xac083 ./Src/state_machine.o
 .debug_str     0x000ad759    0xa924f ./Src/sys_clocks.o
 .debug_str     0x000ad759     0x7799 ./Src/sysmem.o
 .debug_str     0x000ad759    0xa8bc4 ./Src/tim.o
 .debug_str     0x000ad759    0xac83e ./Src/uart_protocol.o
 .debug_str     0x000ad759       0x8a ./Startup/startup_stm32l496zgtx.o

.comment        0x00000000       0x43
 .comment       0x00000000       0x43 ./Src/ascii.o
                                 0x44 (size before relaxing)
 .comment       0x00000043       0x44 ./Src/encoder.o
 .comment       0x00000043       0x44 ./Src/i2c.o
 .comment       0x00000043       0x44 ./Src/joy.o
 .comment       0x00000043       0x44 ./Src/lpuart.o
 .comment       0x00000043       0x44 ./Src/main.o
 .comment       0x00000043       0x44 ./Src/motor.o
 .comment       0x00000043       0x44 ./Src/oled.o
 .comment       0x00000043       0x44 ./Src/state_machine.o
 .comment       0x00000043       0x44 ./Src/sys_clocks.o
 .comment       0x00000043       0x44 ./Src/sysmem.o
 .comment       0x00000043       0x44 ./Src/tim.o
 .comment       0x00000043       0x44 ./Src/uart_protocol.o

.debug_rnglists
                0x00000000      0x26e
 .debug_rnglists
                0x00000000       0x39 ./Src/encoder.o
 .debug_rnglists
                0x00000039       0x21 ./Src/i2c.o
 .debug_rnglists
                0x0000005a       0x3d ./Src/joy.o
 .debug_rnglists
                0x00000097       0x34 ./Src/lpuart.o
 .debug_rnglists
                0x000000cb       0x13 ./Src/main.o
 .debug_rnglists
                0x000000de       0x2c ./Src/motor.o
 .debug_rnglists
                0x0000010a       0x4b ./Src/oled.o
 .debug_rnglists
                0x00000155       0x2b ./Src/state_machine.o
 .debug_rnglists
                0x00000180       0x45 ./Src/sys_clocks.o
 .debug_rnglists
                0x000001c5       0x13 ./Src/sysmem.o
 .debug_rnglists
                0x000001d8       0x27 ./Src/tim.o
 .debug_rnglists
                0x000001ff       0x56 ./Src/uart_protocol.o
 .debug_rnglists
                0x00000255       0x19 ./Startup/startup_stm32l496zgtx.o

.debug_frame    0x00000000      0xf3c
 .debug_frame   0x00000000       0xf0 ./Src/encoder.o
 .debug_frame   0x000000f0       0x80 ./Src/i2c.o
 .debug_frame   0x00000170       0xd8 ./Src/joy.o
 .debug_frame   0x00000248       0xf4 ./Src/lpuart.o
 .debug_frame   0x0000033c       0x2c ./Src/main.o
 .debug_frame   0x00000368       0xb8 ./Src/motor.o
 .debug_frame   0x00000420      0x17c ./Src/oled.o
 .debug_frame   0x0000059c       0xb4 ./Src/state_machine.o
 .debug_frame   0x00000650      0x140 ./Src/sys_clocks.o
 .debug_frame   0x00000790       0x34 ./Src/sysmem.o
 .debug_frame   0x000007c4       0x8c ./Src/tim.o
 .debug_frame   0x00000850      0x160 ./Src/uart_protocol.o
 .debug_frame   0x000009b0      0x144 C:/ST/STM32CubeIDE_1.19.0/STM32CubeIDE/plugins/com.st.stm32cube.ide.mcu.externaltools.gnu-tools-for-stm32.13.3.rel1.win32_1.0.0.202411081344/tools/bin/../lib/gcc/arm-none-eabi/13.3.1/../../../../arm-none-eabi/lib/thumb/v7e-m+fp/hard\libc_nano.a(libc_a-findfp.o)
 .debug_frame   0x00000af4       0x74 C:/ST/STM32CubeIDE_1.19.0/STM32CubeIDE/plugins/com.st.stm32cube.ide.mcu.externaltools.gnu-tools-for-stm32.13.3.rel1.win32_1.0.0.202411081344/tools/bin/../lib/gcc/arm-none-eabi/13.3.1/../../../../arm-none-eabi/lib/thumb/v7e-m+fp/hard\libc_nano.a(libc_a-sprintf.o)
 .debug_frame   0x00000b68       0x38 C:/ST/STM32CubeIDE_1.19.0/STM32CubeIDE/plugins/com.st.stm32cube.ide.mcu.externaltools.gnu-tools-for-stm32.13.3.rel1.win32_1.0.0.202411081344/tools/bin/../lib/gcc/arm-none-eabi/13.3.1/../../../../arm-none-eabi/lib/thumb/v7e-m+fp/hard\libc_nano.a(libc_a-reent.o)
 .debug_frame   0x00000ba0       0x20 C:/ST/STM32CubeIDE_1.19.0/STM32CubeIDE/plugins/com.st.stm32cube.ide.mcu.externaltools.gnu-tools-for-stm32.13.3.rel1.win32_1.0.0.202411081344/tools/bin/../lib/gcc/arm-none-eabi/13.3.1/../../../../arm-none-eabi/lib/thumb/v7e-m+fp/hard\libc_nano.a(libc_a-errno.o)
 .debug_frame   0x00000bc0       0x2c C:/ST/STM32CubeIDE_1.19.0/STM32CubeIDE/plugins/com.st.stm32cube.ide.mcu.externaltools.gnu-tools-for-stm32.13.3.rel1.win32_1.0.0.202411081344/tools/bin/../lib/gcc/arm-none-eabi/13.3.1/../../../../arm-none-eabi/lib/thumb/v7e-m+fp/hard\libc_nano.a(libc_a-init.o)
 .debug_frame   0x00000bec       0xb0 C:/ST/STM32CubeIDE_1.19.0/STM32CubeIDE/plugins/com.st.stm32cube.ide.mcu.externaltools.gnu-tools-for-stm32.13.3.rel1.win32_1.0.0.202411081344/tools/bin/../lib/gcc/arm-none-eabi/13.3.1/../../../../arm-none-eabi/lib/thumb/v7e-m+fp/hard\libc_nano.a(libc_a-lock.o)
 .debug_frame   0x00000c9c       0x20 C:/ST/STM32CubeIDE_1.19.0/STM32CubeIDE/plugins/com.st.stm32cube.ide.mcu.externaltools.gnu-tools-for-stm32.13.3.rel1.win32_1.0.0.202411081344/tools/bin/../lib/gcc/arm-none-eabi/13.3.1/../../../../arm-none-eabi/lib/thumb/v7e-m+fp/hard\libc_nano.a(libc_a-strcmp.o)
 .debug_frame   0x00000cbc       0x38 C:/ST/STM32CubeIDE_1.19.0/STM32CubeIDE/plugins/com.st.stm32cube.ide.mcu.externaltools.gnu-tools-for-stm32.13.3.rel1.win32_1.0.0.202411081344/tools/bin/../lib/gcc/arm-none-eabi/13.3.1/../../../../arm-none-eabi/lib/thumb/v7e-m+fp/hard\libc_nano.a(libc_a-freer.o)
 .debug_frame   0x00000cf4       0x50 C:/ST/STM32CubeIDE_1.19.0/STM32CubeIDE/plugins/com.st.stm32cube.ide.mcu.externaltools.gnu-tools-for-stm32.13.3.rel1.win32_1.0.0.202411081344/tools/bin/../lib/gcc/arm-none-eabi/13.3.1/../../../../arm-none-eabi/lib/thumb/v7e-m+fp/hard\libc_nano.a(libc_a-mallocr.o)
 .debug_frame   0x00000d44       0x30 C:/ST/STM32CubeIDE_1.19.0/STM32CubeIDE/plugins/com.st.stm32cube.ide.mcu.externaltools.gnu-tools-for-stm32.13.3.rel1.win32_1.0.0.202411081344/tools/bin/../lib/gcc/arm-none-eabi/13.3.1/../../../../arm-none-eabi/lib/thumb/v7e-m+fp/hard\libc_nano.a(libc_a-mlock.o)
 .debug_frame   0x00000d74       0x90 C:/ST/STM32CubeIDE_1.19.0/STM32CubeIDE/plugins/com.st.stm32cube.ide.mcu.externaltools.gnu-tools-for-stm32.13.3.rel1.win32_1.0.0.202411081344/tools/bin/../lib/gcc/arm-none-eabi/13.3.1/../../../../arm-none-eabi/lib/thumb/v7e-m+fp/hard\libc_nano.a(libc_a-nano-svfprintf.o)
 .debug_frame   0x00000e04       0x60 C:/ST/STM32CubeIDE_1.19.0/STM32CubeIDE/plugins/com.st.stm32cube.ide.mcu.externaltools.gnu-tools-for-stm32.13.3.rel1.win32_1.0.0.202411081344/tools/bin/../lib/gcc/arm-none-eabi/13.3.1/../../../../arm-none-eabi/lib/thumb/v7e-m+fp/hard\libc_nano.a(libc_a-nano-vfprintf_i.o)
 .debug_frame   0x00000e64       0x28 C:/ST/STM32CubeIDE_1.19.0/STM32CubeIDE/plugins/com.st.stm32cube.ide.mcu.externaltools.gnu-tools-for-stm32.13.3.rel1.win32_1.0.0.202411081344/tools/bin/../lib/gcc/arm-none-eabi/13.3.1/../../../../arm-none-eabi/lib/thumb/v7e-m+fp/hard\libc_nano.a(libc_a-memmove.o)
 .debug_frame   0x00000e8c       0x2c C:/ST/STM32CubeIDE_1.19.0/STM32CubeIDE/plugins/com.st.stm32cube.ide.mcu.externaltools.gnu-tools-for-stm32.13.3.rel1.win32_1.0.0.202411081344/tools/bin/../lib/gcc/arm-none-eabi/13.3.1/../../../../arm-none-eabi/lib/thumb/v7e-m+fp/hard\libc_nano.a(libc_a-sbrkr.o)
 .debug_frame   0x00000eb8       0x28 C:/ST/STM32CubeIDE_1.19.0/STM32CubeIDE/plugins/com.st.stm32cube.ide.mcu.externaltools.gnu-tools-for-stm32.13.3.rel1.win32_1.0.0.202411081344/tools/bin/../lib/gcc/arm-none-eabi/13.3.1/../../../../arm-none-eabi/lib/thumb/v7e-m+fp/hard\libc_nano.a(libc_a-memcpy-stub.o)
 .debug_frame   0x00000ee0       0x3c C:/ST/STM32CubeIDE_1.19.0/STM32CubeIDE/plugins/com.st.stm32cube.ide.mcu.externaltools.gnu-tools-for-stm32.13.3.rel1.win32_1.0.0.202411081344/tools/bin/../lib/gcc/arm-none-eabi/13.3.1/../../../../arm-none-eabi/lib/thumb/v7e-m+fp/hard\libc_nano.a(libc_a-reallocr.o)
 .debug_frame   0x00000f1c       0x20 C:/ST/STM32CubeIDE_1.19.0/STM32CubeIDE/plugins/com.st.stm32cube.ide.mcu.externaltools.gnu-tools-for-stm32.13.3.rel1.win32_1.0.0.202411081344/tools/bin/../lib/gcc/arm-none-eabi/13.3.1/../../../../arm-none-eabi/lib/thumb/v7e-m+fp/hard\libc_nano.a(libc_a-msizer.o)

.debug_line_str
                0x00000000       0x6e
 .debug_line_str
                0x00000000       0x6e ./Startup/startup_stm32l496zgtx.o
