Archive member included to satisfy reference by file (symbol)

C:/ST/STM32CubeIDE_1.19.0/STM32CubeIDE/plugins/com.st.stm32cube.ide.mcu.externaltools.gnu-tools-for-stm32.13.3.rel1.win32_1.0.0.202411081344/tools/bin/../lib/gcc/arm-none-eabi/13.3.1/../../../../arm-none-eabi/lib/thumb/v7e-m+fp/hard\libc_nano.a(libc_a-exit.o)
                              C:/ST/STM32CubeIDE_1.19.0/STM32CubeIDE/plugins/com.st.stm32cube.ide.mcu.externaltools.gnu-tools-for-stm32.13.3.rel1.win32_1.0.0.202411081344/tools/bin/../lib/gcc/arm-none-eabi/13.3.1/../../../../arm-none-eabi/lib/thumb/v7e-m+fp/hard/crt0.o (exit)
C:/ST/STM32CubeIDE_1.19.0/STM32CubeIDE/plugins/com.st.stm32cube.ide.mcu.externaltools.gnu-tools-for-stm32.13.3.rel1.win32_1.0.0.202411081344/tools/bin/../lib/gcc/arm-none-eabi/13.3.1/../../../../arm-none-eabi/lib/thumb/v7e-m+fp/hard\libc_nano.a(libc_a-findfp.o)
                              C:/ST/STM32CubeIDE_1.19.0/STM32CubeIDE/plugins/com.st.stm32cube.ide.mcu.externaltools.gnu-tools-for-stm32.13.3.rel1.win32_1.0.0.202411081344/tools/bin/../lib/gcc/arm-none-eabi/13.3.1/../../../../arm-none-eabi/lib/thumb/v7e-m+fp/hard\libc_nano.a(libc_a-exit.o) (__stdio_exit_handler)
C:/ST/STM32CubeIDE_1.19.0/STM32CubeIDE/plugins/com.st.stm32cube.ide.mcu.externaltools.gnu-tools-for-stm32.13.3.rel1.win32_1.0.0.202411081344/tools/bin/../lib/gcc/arm-none-eabi/13.3.1/../../../../arm-none-eabi/lib/thumb/v7e-m+fp/hard\libc_nano.a(libc_a-fwalk.o)
                              C:/ST/STM32CubeIDE_1.19.0/STM32CubeIDE/plugins/com.st.stm32cube.ide.mcu.externaltools.gnu-tools-for-stm32.13.3.rel1.win32_1.0.0.202411081344/tools/bin/../lib/gcc/arm-none-eabi/13.3.1/../../../../arm-none-eabi/lib/thumb/v7e-m+fp/hard\libc_nano.a(libc_a-findfp.o) (_fwalk_sglue)
C:/ST/STM32CubeIDE_1.19.0/STM32CubeIDE/plugins/com.st.stm32cube.ide.mcu.externaltools.gnu-tools-for-stm32.13.3.rel1.win32_1.0.0.202411081344/tools/bin/../lib/gcc/arm-none-eabi/13.3.1/../../../../arm-none-eabi/lib/thumb/v7e-m+fp/hard\libc_nano.a(libc_a-sprintf.o)
                              ./Src/joy.o (sprintf)
C:/ST/STM32CubeIDE_1.19.0/STM32CubeIDE/plugins/com.st.stm32cube.ide.mcu.externaltools.gnu-tools-for-stm32.13.3.rel1.win32_1.0.0.202411081344/tools/bin/../lib/gcc/arm-none-eabi/13.3.1/../../../../arm-none-eabi/lib/thumb/v7e-m+fp/hard\libc_nano.a(libc_a-stdio.o)
                              C:/ST/STM32CubeIDE_1.19.0/STM32CubeIDE/plugins/com.st.stm32cube.ide.mcu.externaltools.gnu-tools-for-stm32.13.3.rel1.win32_1.0.0.202411081344/tools/bin/../lib/gcc/arm-none-eabi/13.3.1/../../../../arm-none-eabi/lib/thumb/v7e-m+fp/hard\libc_nano.a(libc_a-findfp.o) (__sread)
C:/ST/STM32CubeIDE_1.19.0/STM32CubeIDE/plugins/com.st.stm32cube.ide.mcu.externaltools.gnu-tools-for-stm32.13.3.rel1.win32_1.0.0.202411081344/tools/bin/../lib/gcc/arm-none-eabi/13.3.1/../../../../arm-none-eabi/lib/thumb/v7e-m+fp/hard\libc_nano.a(libc_a-memset.o)
                              C:/ST/STM32CubeIDE_1.19.0/STM32CubeIDE/plugins/com.st.stm32cube.ide.mcu.externaltools.gnu-tools-for-stm32.13.3.rel1.win32_1.0.0.202411081344/tools/bin/../lib/gcc/arm-none-eabi/13.3.1/../../../../arm-none-eabi/lib/thumb/v7e-m+fp/hard/crt0.o (memset)
C:/ST/STM32CubeIDE_1.19.0/STM32CubeIDE/plugins/com.st.stm32cube.ide.mcu.externaltools.gnu-tools-for-stm32.13.3.rel1.win32_1.0.0.202411081344/tools/bin/../lib/gcc/arm-none-eabi/13.3.1/../../../../arm-none-eabi/lib/thumb/v7e-m+fp/hard\libc_nano.a(libc_a-closer.o)
                              C:/ST/STM32CubeIDE_1.19.0/STM32CubeIDE/plugins/com.st.stm32cube.ide.mcu.externaltools.gnu-tools-for-stm32.13.3.rel1.win32_1.0.0.202411081344/tools/bin/../lib/gcc/arm-none-eabi/13.3.1/../../../../arm-none-eabi/lib/thumb/v7e-m+fp/hard\libc_nano.a(libc_a-stdio.o) (_close_r)
C:/ST/STM32CubeIDE_1.19.0/STM32CubeIDE/plugins/com.st.stm32cube.ide.mcu.externaltools.gnu-tools-for-stm32.13.3.rel1.win32_1.0.0.202411081344/tools/bin/../lib/gcc/arm-none-eabi/13.3.1/../../../../arm-none-eabi/lib/thumb/v7e-m+fp/hard\libc_nano.a(libc_a-reent.o)
                              C:/ST/STM32CubeIDE_1.19.0/STM32CubeIDE/plugins/com.st.stm32cube.ide.mcu.externaltools.gnu-tools-for-stm32.13.3.rel1.win32_1.0.0.202411081344/tools/bin/../lib/gcc/arm-none-eabi/13.3.1/../../../../arm-none-eabi/lib/thumb/v7e-m+fp/hard\libc_nano.a(libc_a-closer.o) (errno)
C:/ST/STM32CubeIDE_1.19.0/STM32CubeIDE/plugins/com.st.stm32cube.ide.mcu.externaltools.gnu-tools-for-stm32.13.3.rel1.win32_1.0.0.202411081344/tools/bin/../lib/gcc/arm-none-eabi/13.3.1/../../../../arm-none-eabi/lib/thumb/v7e-m+fp/hard\libc_nano.a(libc_a-impure.o)
                              C:/ST/STM32CubeIDE_1.19.0/STM32CubeIDE/plugins/com.st.stm32cube.ide.mcu.externaltools.gnu-tools-for-stm32.13.3.rel1.win32_1.0.0.202411081344/tools/bin/../lib/gcc/arm-none-eabi/13.3.1/../../../../arm-none-eabi/lib/thumb/v7e-m+fp/hard\libc_nano.a(libc_a-sprintf.o) (_impure_ptr)
[...]
Memory Configuration

Name             Origin             Length             Attributes
RAM              0x20000000         0x00050000         xrw
SRAM2            0x10000000         0x00010000         xrw
FLASH            0x08000000         0x00100000         xr
*default*        0x00000000         0xffffffff

Linker script and memory map

LOAD C:/ST/STM32CubeIDE_1.19.0/STM32CubeIDE/plugins/com.st.stm32cube.ide.mcu.externaltools.gnu-tools-for-stm32.13.3.rel1.win32_1.0.0.202411081344/tools/bin/../lib/gcc/arm-none-eabi/13.3.1/thumb/v7e-m+fp/hard/crti.o
LOAD C:/ST/STM32CubeIDE_1.19.0/STM32CubeIDE/plugins/com.st.stm32cube.ide.mcu.externaltools.gnu-tools-for-stm32.13.3.rel1.win32_1.0.0.202411081344/tools/bin/../lib/gcc/arm-none-eabi/13.3.1/thumb/v7e-m+fp/hard/crtbegin.o
LOAD C:/ST/STM32CubeIDE_1.19.0/STM32CubeIDE/plugins/com.st.stm32cube.ide.mcu.externaltools.gnu-tools-for-stm32.13.3.rel1.win32_1.0.0.202411081344/tools/bin/../lib/gcc/arm-none-eabi/13.3.1/../../../../arm-none-eabi/lib/thumb/v7e-m+fp/hard/crt0.o
LOAD ./Src/app.o
LOAD ./Src/ascii.o
LOAD ./Src/encoder.o
LOAD ./Src/i2c.o
LOAD ./Src/joy.o
LOAD ./Src/lpuart.o
LOAD ./Src/main.o
LOAD ./Src/motor.o
LOAD ./Src/oled.o
LOAD ./Src/state_machine.o
LOAD ./Src/sys_clocks.o
LOAD ./Src/syscalls.o
LOAD ./Src/sysmem.o
LOAD ./Src/tim.o
LOAD ./Src/uart_protocol.o
LOAD ./Startup/startup_stm32l496zgtx.o
START GROUP
LOAD C:/ST/STM32CubeIDE_1.19.0/STM32CubeIDE/plugins/com.st.stm32cube.ide.mcu.externaltools.gnu-tools-for-stm32.13.3.rel1.win32_1.0.0.202411081344/tools/bin/../lib/gcc/arm-none-eabi/13.3.1/../../../../arm-none-eabi/lib/thumb/v7e-m+fp/hard\libc_nano.a
LOAD C:/ST/STM32CubeIDE_1.19.0/STM32CubeIDE/plugins/com.st.stm32cube.ide.mcu.externaltools.gnu-tools-for-stm32.13.3.rel1.win32_1.0.0.202411081344/tools/bin/../lib/gcc/arm-none-eabi/13.3.1/../../../../arm-none-eabi/lib/thumb/v7e-m+fp/hard\libm.a
END GROUP
START GROUP
LOAD C:/ST/STM32CubeIDE_1.19.0/STM32CubeIDE/plugins/com.st.stm32cube.ide.mcu.externaltools.gnu-tools-for-stm32.13.3.rel1.win32_1.0.0.202411081344/tools/bin/../lib/gcc/arm-none-eabi/13.3.1/thumb/v7e-m+fp/hard\libgcc.a
LOAD C:/ST/STM32CubeIDE_1.19.0/STM32CubeIDE/plugins/com.st.stm32cube.ide.mcu.externaltools.gnu-tools-for-stm32.13.3.rel1.win32_1.0.0.202411081344/tools/bin/../lib/gcc/arm-none-eabi/13.3.1/../../../../arm-none-eabi/lib/thumb/v7e-m+fp/hard\libc_nano.a
END GROUP
START GROUP
LOAD C:/ST/STM32CubeIDE_1.19.0/STM32CubeIDE/plugins/com.st.stm32cube.ide.mcu.externaltools.gnu-tools-for-stm32.13.3.rel1.win32_1.0.0.202411081344/tools/bin/../lib/gcc/arm-none-eabi/13.3.1/thumb/v7e-m+fp/hard\libgcc.a
LOAD C:/ST/STM32CubeIDE_1.19.0/STM32CubeIDE/plugins/com.st.stm32cube.ide.mcu.externaltools.gnu-tools-for-stm32.13.3.rel1.win32_1.0.0.202411081344/tools/bin/../lib/gcc/arm-none-eabi/13.3.1/../../../../arm-none-eabi/lib/thumb/v7e-m+fp/hard\libc_nano.a
LOAD C:/ST/STM32CubeIDE_1.19.0/STM32CubeIDE/plugins/com.st.stm32cube.ide.mcu.externaltools.gnu-tools-for-stm32.13.3.rel1.win32_1.0.0.202411081344/tools/bin/../lib/gcc/arm-none-eabi/13.3.1/../../../../arm-none-eabi/lib/thumb/v7e-m+fp/hard\libnosys.a
END GROUP
START GROUP
LOAD C:/ST/STM32CubeIDE_1.19.0/STM32CubeIDE/plugins/com.st.stm32cube.ide.mcu.externaltools.gnu-tools-for-stm32.13.3.rel1.win32_1.0.0.202411081344/tools/bin/../lib/gcc/arm-none-eabi/13.3.1/thumb/v7e-m+fp/hard\libgcc.a
LOAD C:/ST/STM32CubeIDE_1.19.0/STM32CubeIDE/plugins/com.st.stm32cube.ide.mcu.externaltools.gnu-tools-for-stm32.13.3.rel1.win32_1.0.0.202411081344/tools/bin/../lib/gcc/arm-none-eabi/13.3.1/../../../../arm-none-eabi/lib/thumb/v7e-m+fp/hard\libc_nano.a
LOAD C:/ST/STM32CubeIDE_1.19.0/STM32CubeIDE/plugins/com.st.stm32cube.ide.mcu.externaltools.gnu-tools-for-stm32.13.3.rel1.win32_1.0.0.202411081344/tools/bin/../lib/gcc/arm-none-eabi/13.3.1/../../../../arm-none-eabi/lib/thumb/v7e-m+fp/hard\libnosys.a
END GROUP
LOAD C:/ST/STM32CubeIDE_1.19.0/STM32CubeIDE/plugins/com.st.stm32cube.ide.mcu.externaltools.gnu-tools-for-stm32.13.3.rel1.win32_1.0.0.202411081344/tools/bin/../lib/gcc/arm-none-eabi/13.3.1/thumb/v7e-m+fp/hard/crtend.o
LOAD C:/ST/STM32CubeIDE_1.19.0/STM32CubeIDE/plugins/com.st.stm32cube.ide.mcu.externaltools.gnu-tools-for-stm32.13.3.rel1.win32_1.0.0.202411081344/tools/bin/../lib/gcc/arm-none-eabi/13.3.1/thumb/v7e-m+fp/hard/crtn.o
                0x20050000                        _estack = (ORIGIN (RAM) + LENGTH (RAM))
                0x00000200                        _Min_Heap_Size = 0x200
                0x00000400                        _Min_Stack_Size = 0x400

.isr_vector     0x08000000      0x1ac
                0x08000000                        . = ALIGN (0x4)
 *(.isr_vector)
 .isr_vector    0x08000000      0x1ac ./Startup/startup_stm32l496zgtx.o
                0x08000000                g_pfnVectors
                0x080001ac                        . = ALIGN (0x4)

.text           0x080001b0     0x2acc
                0x080001b0                        . = ALIGN (0x4)
 *(.text)
 .text          0x080001b0       0x40 C:/ST/STM32CubeIDE_1.19.0/STM32CubeIDE/plugins/com.st.stm32cube.ide.mcu.externaltools.gnu-tools-for-stm32.13.3.rel1.win32_1.0.0.202411081344/tools/bin/../lib/gcc/arm-none-eabi/13.3.1/thumb/v7e-m+fp/hard/crtbegin.o
 .text          0x080001f0       0x14 C:/ST/STM32CubeIDE_1.19.0/STM32CubeIDE/plugins/com.st.stm32cube.ide.mcu.externaltools.gnu-tools-for-stm32.13.3.rel1.win32_1.0.0.202411081344/tools/bin/../lib/gcc/arm-none-eabi/13.3.1/../../../../arm-none-eabi/lib/thumb/v7e-m+fp/hard\libc_nano.a(libc_a-strcmp.o)
                0x080001f0                strcmp
 *fill*         0x08000204        0xc 
 .text          0x08000210       0xa0 C:/ST/STM32CubeIDE_1.19.0/STM32CubeIDE/plugins/com.st.stm32cube.ide.mcu.externaltools.gnu-tools-for-stm32.13.3.rel1.win32_1.0.0.202411081344/tools/bin/../lib/gcc/arm-none-eabi/13.3.1/../../../../arm-none-eabi/lib/thumb/v7e-m+fp/hard\libc_nano.a(libc_a-memchr.o)
                0x08000210                memchr
 *(.text*)
 .text.App_Init
                0x080002b0       0x34 ./Src/app.o
                0x080002b0                App_Init
 .text.App_Run  0x080002e4       0x18 ./Src/app.o
                0x080002e4                App_Run
 .text.encoder_init
                0x080002fc       0x9c ./Src/encoder.o
                0x080002fc                encoder_init
 .text.encoder_GetResult
                0x08000398       0x18 ./Src/encoder.o
                0x08000398                encoder_GetResult
 .text.encoder_ResetSpeed
                0x080003b0       0x48 ./Src/encoder.o
                0x080003b0                encoder_ResetSpeed
 .text.encoder_GetChange
                0x080003f8       0x30 ./Src/encoder.o
                0x080003f8                encoder_GetChange
 .text.encoder_GetPositionAngle
                0x08000428       0x18 ./Src/encoder.o
                0x08000428                encoder_GetPositionAngle
 .text.encoder_Update
                0x08000440       0xcc ./Src/encoder.o
                0x08000440                encoder_Update
 .text.OLED_ShowEncoderData
                0x0800050c       0x54 ./Src/encoder.o
                0x0800050c                OLED_ShowEncoderData
 .text.encoder_GetSpeedint
                0x08000560       0x2c ./Src/encoder.o
                0x08000560                encoder_GetSpeedint
 .text.I2C1_Init
                0x0800058c       0xf0 ./Src/i2c.o
                0x0800058c                I2C1_Init
 .text.I2C1_WriteBuffer
                0x0800067c       0x9c ./Src/i2c.o
                0x0800067c                I2C1_WriteBuffer
 .text.joy_init
                0x08000718       0x9c ./Src/joy.o
                0x08000718                joy_init
 .text.buttonRight_pressed
                0x080007b4       0x24 ./Src/joy.o
                0x080007b4                buttonRight_pressed
 .text.buttonLeft_pressed
                0x080007d8       0x24 ./Src/joy.o
                0x080007d8                buttonLeft_pressed
 .text.buttonUp_pressed
                0x080007fc       0x24 ./Src/joy.o
                0x080007fc                buttonUp_pressed
 .text.buttonDown_pressed
                0x08000820       0x24 ./Src/joy.o
                0x08000820                buttonDown_pressed
 .text.buttonOk_pressed
                0x08000844       0x24 ./Src/joy.o
                0x08000844                buttonOk_pressed
 .text.up       0x08000868       0xd8 ./Src/joy.o
                0x08000868                up
 .text.down     0x08000940       0xd8 ./Src/joy.o
                0x08000940                down
 .text.right    0x08000a18       0x90 ./Src/joy.o
                0x08000a18                right
 .text.left     0x08000aa8       0x90 ./Src/joy.o
                0x08000aa8                left
 .text.ok       0x08000b38       0x78 ./Src/joy.o
                0x08000b38                ok
 .text.Joy_Read
                0x08000bb0      0x1bc ./Src/joy.o
                0x08000bb0                Joy_Read
 .text.__NVIC_EnableIRQ
                0x08000d6c       0x3c ./Src/lpuart.o
 .text.__NVIC_SetPriority
                0x08000da8       0x54 ./Src/lpuart.o
 .text.LPUART1_config
                0x08000dfc       0xac ./Src/lpuart.o
                0x08000dfc                LPUART1_config
 .text.LPUART1_IRQHandler
                0x08000ea8       0xd4 ./Src/lpuart.o
                0x08000ea8                LPUART1_IRQHandler
 .text.SendString
                0x08000f7c       0x80 ./Src/lpuart.o
                0x08000f7c                SendString
 .text.LPUART_Available
                0x08000ffc       0x24 ./Src/lpuart.o
                0x08000ffc                LPUART_Available
 .text.main     0x08001020       0x12 ./Src/main.o
                0x08001020                main
 *fill*         0x08001032        0x2 
 .text.Motor_Init
                0x08001034       0x88 ./Src/motor.o
                0x08001034                Motor_Init
 .text.Motor_Left
                0x080010bc       0x1c ./Src/motor.o
                0x080010bc                Motor_Left
 .text.Motor_Right
                0x080010d8       0x1c ./Src/motor.o
                0x080010d8                Motor_Right
 .text.Motor_Off
                0x080010f4       0x1c ./Src/motor.o
                0x080010f4                Motor_Off
 .text.Speed    0x08001110       0x2a ./Src/motor.o
                0x08001110                Speed
 .text.OLED_Command
                0x0800113a       0x28 ./Src/oled.o
                0x0800113a                OLED_Command
 .text.OLED_Command2
                0x08001162       0x32 ./Src/oled.o
                0x08001162                OLED_Command2
 .text.OLED_Init
                0x08001194       0x7a ./Src/oled.o
                0x08001194                OLED_Init
 .text.OLED_DataBuffer
                0x0800120e       0xa6 ./Src/oled.o
                0x0800120e                OLED_DataBuffer
 .text.OLED_Clear
                0x080012b4       0x6a ./Src/oled.o
                0x080012b4                OLED_Clear
 .text.OLED_SetCursor
                0x0800131e       0x46 ./Src/oled.o
                0x0800131e                OLED_SetCursor
 .text.OLED_WriteChar
                0x08001364       0x60 ./Src/oled.o
                0x08001364                OLED_WriteChar
 .text.OLED_WriteString
                0x080013c4       0x2c ./Src/oled.o
                0x080013c4                OLED_WriteString
 .text.OLED_WriteInt
                0x080013f0       0xfc ./Src/oled.o
                0x080013f0                OLED_WriteInt
 .text.OLED_Write_Int
                0x080014ec      0x16c ./Src/oled.o
                0x080014ec                OLED_Write_Int
 .text.StateMachine_Init
                0x08001658       0x18 ./Src/state_machine.o
                0x08001658                StateMachine_Init
 .text.StateMachine_GetMode
                0x08001670       0x18 ./Src/state_machine.o
                0x08001670                StateMachine_GetMode
 .text.StateMachine_ChangeMode
                0x08001688       0x38 ./Src/state_machine.o
                0x08001688                StateMachine_ChangeMode
 .text.StateMachine_Run
                0x080016c0       0x60 ./Src/state_machine.o
                0x080016c0                StateMachine_Run
 .text.__NVIC_SetPriority
                0x08001720       0x54 ./Src/sys_clocks.o
 .text.SysTick_Config
                0x08001774       0x44 ./Src/sys_clocks.o
 .text.SystemClockPLL80
                0x080017b8       0xf8 ./Src/sys_clocks.o
                0x080017b8                SystemClockPLL80
 .text.SystemClockSetup
                0x080018b0       0x18 ./Src/sys_clocks.o
                0x080018b0                SystemClockSetup
 .text.SysTick_Handler
                0x080018c8       0x1c ./Src/sys_clocks.o
                0x080018c8                SysTick_Handler
 .text.GetSystemTick
                0x080018e4       0x18 ./Src/sys_clocks.o
                0x080018e4                GetSystemTick
 .text._sbrk    0x080018fc       0x6c ./Src/sysmem.o
                0x080018fc                _sbrk
 .text.Tim15Init
                0x08001968       0x34 ./Src/tim.o
                0x08001968                Tim15Init
 .text.Tim3Init
                0x0800199c       0x34 ./Src/tim.o
                0x0800199c                Tim3Init
 .text.Tim15_Start
                0x080019d0       0x80 ./Src/tim.o
                0x080019d0                Tim15_Start
 .text.Tim3_Start
                0x08001a50       0xa8 ./Src/tim.o
                0x08001a50                Tim3_Start
 .text.ParseWords
                0x08001af8       0xb4 ./Src/uart_protocol.o
                0x08001af8                ParseWords
 .text.StringToInt
                0x08001bac       0x68 ./Src/uart_protocol.o
                0x08001bac                StringToInt
 .text.ParseCommand
                0x08001c14      0x158 ./Src/uart_protocol.o
                0x08001c14                ParseCommand
 .text.U_STATUS
                0x08001d6c       0x74 ./Src/uart_protocol.o
                0x08001d6c                U_STATUS
 .text.U_LEFT   0x08001de0       0x9c ./Src/uart_protocol.o
                0x08001de0                U_LEFT
 .text.U_RIGHT  0x08001e7c       0x9c ./Src/uart_protocol.o
                0x08001e7c                U_RIGHT
 .text.U_STOP   0x08001f18       0x84 ./Src/uart_protocol.o
                0x08001f18                U_STOP
 .text.U_SPEED  0x08001f9c       0xbc ./Src/uart_protocol.o
                0x08001f9c                U_SPEED
 .text.U_UNKNOWN
                0x08002058       0x50 ./Src/uart_protocol.o
                0x08002058                U_UNKNOWN
 .text.HandleCommand
                0x080020a8      0x1d0 ./Src/uart_protocol.o
                0x080020a8                HandleCommand
 .text.UART_Protocol_Process
                0x08002278       0x24 ./Src/uart_protocol.o
                0x08002278                UART_Protocol_Process
 .text.TakeMode
                0x0800229c       0x28 ./Src/uart_protocol.o
                0x0800229c                TakeMode
 .text.TakeModeAGAIN
                0x080022c4       0x1c ./Src/uart_protocol.o
                0x080022c4                TakeModeAGAIN
 .text.Reset_Handler
                0x080022e0       0x50 ./Startup/startup_stm32l496zgtx.o
                0x080022e0                Reset_Handler
 .text.Default_Handler
                0x08002330        0x2 ./Startup/startup_stm32l496zgtx.o
                0x08002330                EXTI2_IRQHandler
                0x08002330                TIM8_TRG_COM_IRQHandler
                0x08002330                TIM8_CC_IRQHandler
                0x08002330                DebugMon_Handler
                0x08002330                DMA1_CH4_IRQHandler
                0x08002330                TIM1_CC_IRQHandler
                0x08002330                TSC_IRQHandler
                0x08002330                HardFault_Handler
                0x08002330                TAMP_STAMP_IRQHandler
                0x08002330                PendSV_Handler
                0x08002330                NMI_Handler
                0x08002330                CAN2_RX1_IRQHandler
                0x08002330                EXTI3_IRQHandler
                0x08002330                LPTIM2_IRQHandler
                0x08002330                DFSDM1_FLT1_IRQHandler
                0x08002330                I2C3_ER_IRQHandler
                0x08002330                DFSDM1_FLT2_IRQHandler
                0x08002330                TIM6_DACUNDER_IRQHandler
                0x08002330                EXTI0_IRQHandler
                0x08002330                I2C2_EV_IRQHandler
                0x08002330                DMA2_CH1_IRQHandler
                0x08002330                CAN1_RX0_IRQHandler
                0x08002330                FPU_IRQHandler
                0x08002330                TIM1_UP_TIM16_IRQHandler
                0x08002330                DMA2_CH7_IRQHandler
                0x08002330                UsageFault_Handler
                0x08002330                CAN2_SCE_IRQHandler
                0x08002330                ADC1_2_IRQHandler
                0x08002330                SPI1_IRQHandler
                0x08002330                DMA1_CH7_IRQHandler
                0x08002330                DCMI_IRQHandler
                0x08002330                CAN2_RX0_IRQHandler
                0x08002330                TIM8_UP_IRQHandler
                0x08002330                RTC_ALARM_IRQHandler
                0x08002330                SAI2_IRQHandler
                0x08002330                DFSDM1_FLT3_IRQHandler
                0x08002330                DMA1_CH6_IRQHandler
                0x08002330                USART3_IRQHandler
                0x08002330                CAN1_RX1_IRQHandler
                0x08002330                LCD_IRQHandler
                0x08002330                UART5_IRQHandler
                0x08002330                ADC3_IRQHandler
                0x08002330                TIM4_IRQHandler
                0x08002330                QUADSPI_IRQHandler
                0x08002330                I2C1_EV_IRQHandler
                0x08002330                DMA2_CH5_IRQHandler
                0x08002330                UART4_IRQHandler
                0x08002330                DMA1_CH3_IRQHandler
                0x08002330                TIM3_IRQHandler
                0x08002330                RCC_IRQHandler
                0x08002330                Default_Handler
                0x08002330                EXTI15_10_IRQHandler
                0x08002330                TIM7_IRQHandler
                0x08002330                SDMMC1_IRQHandler
                0x08002330                CAN2_TX_IRQHandler
                0x08002330                TIM5_IRQHandler
                0x08002330                I2C3_EV_IRQHandler
                0x08002330                EXTI9_5_IRQHandler
                0x08002330                DMA1_CH2_IRQHandler
                0x08002330                RTC_WKUP_IRQHandler
                0x08002330                RNG_HASH_IRQHandler
                0x08002330                PVD_PVM_IRQHandler
                0x08002330                SPI2_IRQHandler
                0x08002330                DMA1_CH1_IRQHandler
                0x08002330                MemManage_Handler
                0x08002330                CAN1_TX_IRQHandler
                0x08002330                SVC_Handler
                0x08002330                CRS_IRQHandler
                0x08002330                EXTI4_IRQHandler
                0x08002330                TIM1_TRG_COM_TIM17_IRQHandler
                0x08002330                COMP_IRQHandler
                0x08002330                WWDG_IRQHandler
                0x08002330                I2C4_EV_IRQHandler
                0x08002330                TIM2_IRQHandler
                0x08002330                DMA2D_IRQHandler
                0x08002330                EXTI1_IRQHandler
                0x08002330                USART2_IRQHandler
                0x08002330                DFSDM1_FLT0_IRQHandler
                0x08002330                I2C2_ER_IRQHandler
                0x08002330                TIM8_BRK_IRQHandler
                0x08002330                CAN1_SCE_IRQHandler
                0x08002330                FLASH_IRQHandler
                0x08002330                BusFault_Handler
                0x08002330                USART1_IRQHandler
                0x08002330                OTG_FS_IRQHandler
                0x08002330                SPI3_IRQHandler
                0x08002330                DMA2_CH6_IRQHandler
                0x08002330                DMA2_CH3_IRQHandler
                0x08002330                DMA2_CH2_IRQHandler
                0x08002330                I2C1_ER_IRQHandler
                0x08002330                FMC_IRQHandler
                0x08002330                DMA1_CH5_IRQHandler
                0x08002330                DMA2_CH4_IRQHandler
                0x08002330                SWPMI1_IRQHandler
                0x08002330                LPTIM1_IRQHandler
                0x08002330                I2C4_ER_IRQHandler
                0x08002330                SAI1_IRQHandler
                0x08002330                TIM1_BRK_TIM15_IRQHandler
 *fill*         0x08002332        0x2 
 .text.sprintf  0x08002334       0x44 C:/ST/STM32CubeIDE_1.19.0/STM32CubeIDE/plugins/com.st.stm32cube.ide.mcu.externaltools.gnu-tools-for-stm32.13.3.rel1.win32_1.0.0.202411081344/tools/bin/../lib/gcc/arm-none-eabi/13.3.1/../../../../arm-none-eabi/lib/thumb/v7e-m+fp/hard\libc_nano.a(libc_a-sprintf.o)
                0x08002334                siprintf
                0x08002334                sprintf
 .text.__errno  0x08002378        0xc C:/ST/STM32CubeIDE_1.19.0/STM32CubeIDE/plugins/com.st.stm32cube.ide.mcu.externaltools.gnu-tools-for-stm32.13.3.rel1.win32_1.0.0.202411081344/tools/bin/../lib/gcc/arm-none-eabi/13.3.1/../../../../arm-none-eabi/lib/thumb/v7e-m+fp/hard\libc_nano.a(libc_a-errno.o)
                0x08002378                __errno
 .text.__libc_init_array
                0x08002384       0x48 C:/ST/STM32CubeIDE_1.19.0/STM32CubeIDE/plugins/com.st.stm32cube.ide.mcu.externaltools.gnu-tools-for-stm32.13.3.rel1.win32_1.0.0.202411081344/tools/bin/../lib/gcc/arm-none-eabi/13.3.1/../../../../arm-none-eabi/lib/thumb/v7e-m+fp/hard\libc_nano.a(libc_a-init.o)
                0x08002384                __libc_init_array
 .text.__retarget_lock_acquire_recursive
                0x080023cc        0x2 C:/ST/STM32CubeIDE_1.19.0/STM32CubeIDE/plugins/com.st.stm32cube.ide.mcu.externaltools.gnu-tools-for-stm32.13.3.rel1.win32_1.0.0.202411081344/tools/bin/../lib/gcc/arm-none-eabi/13.3.1/../../../../arm-none-eabi/lib/thumb/v7e-m+fp/hard\libc_nano.a(libc_a-lock.o)
                0x080023cc                __retarget_lock_acquire_recursive
 .text.__retarget_lock_release_recursive
                0x080023ce        0x2 C:/ST/STM32CubeIDE_1.19.0/STM32CubeIDE/plugins/com.st.stm32cube.ide.mcu.externaltools.gnu-tools-for-stm32.13.3.rel1.win32_1.0.0.202411081344/tools/bin/../lib/gcc/arm-none-eabi/13.3.1/../../../../arm-none-eabi/lib/thumb/v7e-m+fp/hard\libc_nano.a(libc_a-lock.o)
                0x080023ce                __retarget_lock_release_recursive
 .text._free_r  0x080023d0       0x94 C:/ST/STM32CubeIDE_1.19.0/STM32CubeIDE/plugins/com.st.stm32cube.ide.mcu.externaltools.gnu-tools-for-stm32.13.3.rel1.win32_1.0.0.202411081344/tools/bin/../lib/gcc/arm-none-eabi/13.3.1/../../../../arm-none-eabi/lib/thumb/v7e-m+fp/hard\libc_nano.a(libc_a-freer.o)
                0x080023d0                _free_r
 .text.sbrk_aligned
                0x08002464       0x44 C:/ST/STM32CubeIDE_1.19.0/STM32CubeIDE/plugins/com.st.stm32cube.ide.mcu.externaltools.gnu-tools-for-stm32.13.3.rel1.win32_1.0.0.202411081344/tools/bin/../lib/gcc/arm-none-eabi/13.3.1/../../../../arm-none-eabi/lib/thumb/v7e-m+fp/hard\libc_nano.a(libc_a-mallocr.o)
 .text._malloc_r
                0x080024a8      0x100 C:/ST/STM32CubeIDE_1.19.0/STM32CubeIDE/plugins/com.st.stm32cube.ide.mcu.externaltools.gnu-tools-for-stm32.13.3.rel1.win32_1.0.0.202411081344/tools/bin/../lib/gcc/arm-none-eabi/13.3.1/../../../../arm-none-eabi/lib/thumb/v7e-m+fp/hard\libc_nano.a(libc_a-mallocr.o)
                0x080024a8                _malloc_r
 .text.__malloc_lock
                0x080025a8        0xc C:/ST/STM32CubeIDE_1.19.0/STM32CubeIDE/plugins/com.st.stm32cube.ide.mcu.externaltools.gnu-tools-for-stm32.13.3.rel1.win32_1.0.0.202411081344/tools/bin/../lib/gcc/arm-none-eabi/13.3.1/../../../../arm-none-eabi/lib/thumb/v7e-m+fp/hard\libc_nano.a(libc_a-mlock.o)
                0x080025a8                __malloc_lock
 .text.__malloc_unlock
                0x080025b4        0xc C:/ST/STM32CubeIDE_1.19.0/STM32CubeIDE/plugins/com.st.stm32cube.ide.mcu.externaltools.gnu-tools-for-stm32.13.3.rel1.win32_1.0.0.202411081344/tools/bin/../lib/gcc/arm-none-eabi/13.3.1/../../../../arm-none-eabi/lib/thumb/v7e-m+fp/hard\libc_nano.a(libc_a-mlock.o)
                0x080025b4                __malloc_unlock
 .text.__ssputs_r
                0x080025c0       0xb6 C:/ST/STM32CubeIDE_1.19.0/STM32CubeIDE/plugins/com.st.stm32cube.ide.mcu.externaltools.gnu-tools-for-stm32.13.3.rel1.win32_1.0.0.202411081344/tools/bin/../lib/gcc/arm-none-eabi/13.3.1/../../../../arm-none-eabi/lib/thumb/v7e-m+fp/hard\libc_nano.a(libc_a-nano-svfprintf.o)
                0x080025c0                __ssputs_r
 *fill*         0x08002676        0x2 
 .text._svfprintf_r
                0x08002678      0x1f8 C:/ST/STM32CubeIDE_1.19.0/STM32CubeIDE/plugins/com.st.stm32cube.ide.mcu.externaltools.gnu-tools-for-stm32.13.3.rel1.win32_1.0.0.202411081344/tools/bin/../lib/gcc/arm-none-eabi/13.3.1/../../../../arm-none-eabi/lib/thumb/v7e-m+fp/hard\libc_nano.a(libc_a-nano-svfprintf.o)
                0x08002678                _svfiprintf_r
                0x08002678                _svfprintf_r
 .text._printf_common
                0x08002870       0xda C:/ST/STM32CubeIDE_1.19.0/STM32CubeIDE/plugins/com.st.stm32cube.ide.mcu.externaltools.gnu-tools-for-stm32.13.3.rel1.win32_1.0.0.202411081344/tools/bin/../lib/gcc/arm-none-eabi/13.3.1/../../../../arm-none-eabi/lib/thumb/v7e-m+fp/hard\libc_nano.a(libc_a-nano-vfprintf_i.o)
                0x08002870                _printf_common
 *fill*         0x0800294a        0x2 
 .text._printf_i
                0x0800294c      0x23c C:/ST/STM32CubeIDE_1.19.0/STM32CubeIDE/plugins/com.st.stm32cube.ide.mcu.externaltools.gnu-tools-for-stm32.13.3.rel1.win32_1.0.0.202411081344/tools/bin/../lib/gcc/arm-none-eabi/13.3.1/../../../../arm-none-eabi/lib/thumb/v7e-m+fp/hard\libc_nano.a(libc_a-nano-vfprintf_i.o)
                0x0800294c                _printf_i
 .text.memmove  0x08002b88       0x34 C:/ST/STM32CubeIDE_1.19.0/STM32CubeIDE/plugins/com.st.stm32cube.ide.mcu.externaltools.gnu-tools-for-stm32.13.3.rel1.win32_1.0.0.202411081344/tools/bin/../lib/gcc/arm-none-eabi/13.3.1/../../../../arm-none-eabi/lib/thumb/v7e-m+fp/hard\libc_nano.a(libc_a-memmove.o)
                0x08002b88                memmove
 .text._sbrk_r  0x08002bbc       0x20 C:/ST/STM32CubeIDE_1.19.0/STM32CubeIDE/plugins/com.st.stm32cube.ide.mcu.externaltools.gnu-tools-for-stm32.13.3.rel1.win32_1.0.0.202411081344/tools/bin/../lib/gcc/arm-none-eabi/13.3.1/../../../../arm-none-eabi/lib/thumb/v7e-m+fp/hard\libc_nano.a(libc_a-sbrkr.o)
                0x08002bbc                _sbrk_r
 .text.memcpy   0x08002bdc       0x1c C:/ST/STM32CubeIDE_1.19.0/STM32CubeIDE/plugins/com.st.stm32cube.ide.mcu.externaltools.gnu-tools-for-stm32.13.3.rel1.win32_1.0.0.202411081344/tools/bin/../lib/gcc/arm-none-eabi/13.3.1/../../../../arm-none-eabi/lib/thumb/v7e-m+fp/hard\libc_nano.a(libc_a-memcpy-stub.o)
                0x08002bdc                memcpy
 .text._realloc_r
                0x08002bf8       0x5c C:/ST/STM32CubeIDE_1.19.0/STM32CubeIDE/plugins/com.st.stm32cube.ide.mcu.externaltools.gnu-tools-for-stm32.13.3.rel1.win32_1.0.0.202411081344/tools/bin/../lib/gcc/arm-none-eabi/13.3.1/../../../../arm-none-eabi/lib/thumb/v7e-m+fp/hard\libc_nano.a(libc_a-reallocr.o)
                0x08002bf8                _realloc_r
 .text._malloc_usable_size_r
                0x08002c54       0x10 C:/ST/STM32CubeIDE_1.19.0/STM32CubeIDE/plugins/com.st.stm32cube.ide.mcu.externaltools.gnu-tools-for-stm32.13.3.rel1.win32_1.0.0.202411081344/tools/bin/../lib/gcc/arm-none-eabi/13.3.1/../../../../arm-none-eabi/lib/thumb/v7e-m+fp/hard\libc_nano.a(libc_a-msizer.o)
                0x08002c54                _malloc_usable_size_r
 *(.glue_7)
 .glue_7        0x08002c64        0x0 linker stubs
 *(.glue_7t)
 .glue_7t       0x08002c64        0x0 linker stubs
 *(.eh_frame)
 .eh_frame      0x08002c64        0x0 C:/ST/STM32CubeIDE_1.19.0/STM32CubeIDE/plugins/com.st.stm32cube.ide.mcu.externaltools.gnu-tools-for-stm32.13.3.rel1.win32_1.0.0.202411081344/tools/bin/../lib/gcc/arm-none-eabi/13.3.1/thumb/v7e-m+fp/hard/crtbegin.o
 *(.init)
 .init          0x08002c64        0x4 C:/ST/STM32CubeIDE_1.19.0/STM32CubeIDE/plugins/com.st.stm32cube.ide.mcu.externaltools.gnu-tools-for-stm32.13.3.rel1.win32_1.0.0.202411081344/tools/bin/../lib/gcc/arm-none-eabi/13.3.1/thumb/v7e-m+fp/hard/crti.o
                0x08002c64                _init
 .init          0x08002c68        0x8 C:/ST/STM32CubeIDE_1.19.0/STM32CubeIDE/plugins/com.st.stm32cube.ide.mcu.externaltools.gnu-tools-for-stm32.13.3.rel1.win32_1.0.0.202411081344/tools/bin/../lib/gcc/arm-none-eabi/13.3.1/thumb/v7e-m+fp/hard/crtn.o
 *(.fini)
 .fini          0x08002c70        0x4 C:/ST/STM32CubeIDE_1.19.0/STM32CubeIDE/plugins/com.st.stm32cube.ide.mcu.externaltools.gnu-tools-for-stm32.13.3.rel1.win32_1.0.0.202411081344/tools/bin/../lib/gcc/arm-none-eabi/13.3.1/thumb/v7e-m+fp/hard/crti.o
                0x08002c70                _fini
 .fini          0x08002c74        0x8 C:/ST/STM32CubeIDE_1.19.0/STM32CubeIDE/plugins/com.st.stm32cube.ide.mcu.externaltools.gnu-tools-for-stm32.13.3.rel1.win32_1.0.0.202411081344/tools/bin/../lib/gcc/arm-none-eabi/13.3.1/thumb/v7e-m+fp/hard/crtn.o
                0x08002c7c                        . = ALIGN (0x4)
                0x08002c7c                        _etext = .

.vfp11_veneer   0x08002c7c        0x0
 .vfp11_veneer  0x08002c7c        0x0 linker stubs

.v4_bx          0x08002c7c        0x0
 .v4_bx         0x08002c7c        0x0 linker stubs

.iplt           0x08002c7c        0x0
 .iplt          0x08002c7c        0x0 C:/ST/STM32CubeIDE_1.19.0/STM32CubeIDE/plugins/com.st.stm32cube.ide.mcu.externaltools.gnu-tools-for-stm32.13.3.rel1.win32_1.0.0.202411081344/tools/bin/../lib/gcc/arm-none-eabi/13.3.1/thumb/v7e-m+fp/hard/crtbegin.o

.rodata         0x08002c7c      0x304
                0x08002c7c                        . = ALIGN (0x4)
 *(.rodata)
 .rodata        0x08002c7c        0xd ./Src/encoder.o
 *fill*         0x08002c89        0x3 
 .rodata        0x08002c8c       0x68 ./Src/joy.o
 .rodata        0x08002cf4        0x4 ./Src/oled.o
 .rodata        0x08002cf8       0x16 ./Src/state_machine.o
 *fill*         0x08002d0e        0x2 
 .rodata        0x08002d10      0x148 ./Src/uart_protocol.o
 *(.rodata*)
 .rodata.OledChars
                0x08002e58       0x29 ./Src/ascii.o
                0x08002e58                OledChars
 *fill*         0x08002e81        0x3 
 .rodata.Ascii  0x08002e84       0xc8 ./Src/ascii.o
                0x08002e84                Ascii
 .rodata._svfprintf_r.str1.1
                0x08002f4c       0x33 C:/ST/STM32CubeIDE_1.19.0/STM32CubeIDE/plugins/com.st.stm32cube.ide.mcu.externaltools.gnu-tools-for-stm32.13.3.rel1.win32_1.0.0.202411081344/tools/bin/../lib/gcc/arm-none-eabi/13.3.1/../../../../arm-none-eabi/lib/thumb/v7e-m+fp/hard\libc_nano.a(libc_a-nano-svfprintf.o)
                                 0x11 (size before relaxing)
 .rodata._printf_i.str1.1
                0x08002f7f       0x22 C:/ST/STM32CubeIDE_1.19.0/STM32CubeIDE/plugins/com.st.stm32cube.ide.mcu.externaltools.gnu-tools-for-stm32.13.3.rel1.win32_1.0.0.202411081344/tools/bin/../lib/gcc/arm-none-eabi/13.3.1/../../../../arm-none-eabi/lib/thumb/v7e-m+fp/hard\libc_nano.a(libc_a-nano-vfprintf_i.o)
                0x08002fa4                        . = ALIGN (0x4)
 *fill*         0x08002f7f        0x1 

.ARM.extab      0x08002f80        0x0
                0x08002f80                        . = ALIGN (0x4)
 *(.ARM.extab* .gnu.linkonce.armextab.*)
                0x08002f80                        . = ALIGN (0x4)

.ARM            0x08002f80        0x8
                0x08002f80                        . = ALIGN (0x4)
                0x08002f80                        __exidx_start = .
 *(.ARM.exidx*)
 .ARM.exidx     0x08002f80        0x8 C:/ST/STM32CubeIDE_1.19.0/STM32CubeIDE/plugins/com.st.stm32cube.ide.mcu.externaltools.gnu-tools-for-stm32.13.3.rel1.win32_1.0.0.202411081344/tools/bin/../lib/gcc/arm-none-eabi/13.3.1/../../../../arm-none-eabi/lib/thumb/v7e-m+fp/hard\libc_nano.a(libc_a-strcmp.o)
 .ARM.exidx     0x08002f88        0x0 C:/ST/STM32CubeIDE_1.19.0/STM32CubeIDE/plugins/com.st.stm32cube.ide.mcu.externaltools.gnu-tools-for-stm32.13.3.rel1.win32_1.0.0.202411081344/tools/bin/../lib/gcc/arm-none-eabi/13.3.1/../../../../arm-none-eabi/lib/thumb/v7e-m+fp/hard\libc_nano.a(libc_a-memchr.o)
                                  0x8 (size before relaxing)
                0x08002f88                        __exidx_end = .
                0x08002f88                        . = ALIGN (0x4)

.preinit_array  0x08002f88        0x0
                0x08002f88                        . = ALIGN (0x4)
                0x08002f88                        PROVIDE (__preinit_array_start = .)
 *(.preinit_array*)
                0x08002f88                        PROVIDE (__preinit_array_end = .)
                0x08002f88                        . = ALIGN (0x4)

.init_array     0x08002f88        0x4
                0x08002f88                        . = ALIGN (0x4)
                0x08002f88                        PROVIDE (__init_array_start = .)
 *(SORT_BY_NAME(.init_array.*))
 *(.init_array*)
 .init_array    0x08002f88        0x4 C:/ST/STM32CubeIDE_1.19.0/STM32CubeIDE/plugins/com.st.stm32cube.ide.mcu.externaltools.gnu-tools-for-stm32.13.3.rel1.win32_1.0.0.202411081344/tools/bin/../lib/gcc/arm-none-eabi/13.3.1/thumb/v7e-m+fp/hard/crtbegin.o
                0x08002f8c                        PROVIDE (__init_array_end = .)
                0x08002f8c                        . = ALIGN (0x4)

.fini_array     0x08002f8c        0x4
                0x08002f8c                        . = ALIGN (0x4)
                [!provide]                        PROVIDE (__fini_array_start = .)
 *(SORT_BY_NAME(.fini_array.*))
 *(.fini_array*)
 .fini_array    0x08002f8c        0x4 C:/ST/STM32CubeIDE_1.19.0/STM32CubeIDE/plugins/com.st.stm32cube.ide.mcu.externaltools.gnu-tools-for-stm32.13.3.rel1.win32_1.0.0.202411081344/tools/bin/../lib/gcc/arm-none-eabi/13.3.1/thumb/v7e-m+fp/hard/crtbegin.o
                [!provide]                        PROVIDE (__fini_array_end = .)
                0x08002f90                        . = ALIGN (0x4)
                0x08002f90                        _sidata = LOADADDR (.data)

.rel.dyn        0x08002f90        0x0
 .rel.iplt      0x08002f90        0x0 C:/ST/STM32CubeIDE_1.19.0/STM32CubeIDE/plugins/com.st.stm32cube.ide.mcu.externaltools.gnu-tools-for-stm32.13.3.rel1.win32_1.0.0.202411081344/tools/bin/../lib/gcc/arm-none-eabi/13.3.1/thumb/v7e-m+fp/hard/crtbegin.o

.data           0x20000000       0x54 load address 0x08002f90
                0x20000000                        . = ALIGN (0x4)
                0x20000000                        _sdata = .
 *(.data)
 *(.data*)
 .data.last_move
                0x20000000        0x1 ./Src/joy.o
                0x20000000                last_move
 .data.Speed_Percent
                0x20000001        0x1 ./Src/uart_protocol.o
                0x20000001                Speed_Percent
 *fill*         0x20000002        0x2 
 .data._impure_ptr
                0x20000004        0x4 C:/ST/STM32CubeIDE_1.19.0/STM32CubeIDE/plugins/com.st.stm32cube.ide.mcu.externaltools.gnu-tools-for-stm32.13.3.rel1.win32_1.0.0.202411081344/tools/bin/../lib/gcc/arm-none-eabi/13.3.1/../../../../arm-none-eabi/lib/thumb/v7e-m+fp/hard\libc_nano.a(libc_a-impure.o)
                0x20000004                _impure_ptr
 .data._impure_data
                0x20000008       0x4c C:/ST/STM32CubeIDE_1.19.0/STM32CubeIDE/plugins/com.st.stm32cube.ide.mcu.externaltools.gnu-tools-for-stm32.13.3.rel1.win32_1.0.0.202411081344/tools/bin/../lib/gcc/arm-none-eabi/13.3.1/../../../../arm-none-eabi/lib/thumb/v7e-m+fp/hard\libc_nano.a(libc_a-impure.o)
                0x20000008                _impure_data
 *(.RamFunc)
 *(.RamFunc*)
                0x20000054                        . = ALIGN (0x4)
                0x20000054                        _edata = .
                0x08002fe4                        _sisram2 = LOADADDR (.sram2)

.igot.plt       0x20000054        0x0 load address 0x08002fe4
 .igot.plt      0x20000054        0x0 C:/ST/STM32CubeIDE_1.19.0/STM32CubeIDE/plugins/com.st.stm32cube.ide.mcu.externaltools.gnu-tools-for-stm32.13.3.rel1.win32_1.0.0.202411081344/tools/bin/../lib/gcc/arm-none-eabi/13.3.1/thumb/v7e-m+fp/hard/crtbegin.o

.sram2          0x10000000        0x0 load address 0x08002fe4
                0x10000000                        . = ALIGN (0x4)
                0x10000000                        _ssram2 = .
 *(.sram2)
 *(.sram2*)
                0x10000000                        . = ALIGN (0x4)
                0x10000000                        _esram2 = .
                0x10000000                        . = ALIGN (0x4)

.bss            0x20000054      0x360
                0x20000054                        _sbss = .
                0x20000054                        __bss_start__ = _sbss
 *(.bss)
 .bss           0x20000054       0x1c C:/ST/STM32CubeIDE_1.19.0/STM32CubeIDE/plugins/com.st.stm32cube.ide.mcu.externaltools.gnu-tools-for-stm32.13.3.rel1.win32_1.0.0.202411081344/tools/bin/../lib/gcc/arm-none-eabi/13.3.1/thumb/v7e-m+fp/hard/crtbegin.o
 *(.bss*)
 .bss.position  0x20000070        0x4 ./Src/encoder.o
 .bss.angle     0x20000074        0x4 ./Src/encoder.o
 .bss.rpm       0x20000078        0x4 ./Src/encoder.o
 .bss.last_time
                0x2000007c        0x4 ./Src/encoder.o
 .bss.last_CNT  0x20000080        0x2 ./Src/encoder.o
 *fill*         0x20000082        0x2 
 .bss.speed_counts
                0x20000084        0x4 ./Src/encoder.o
 .bss.skip_speed_sample
                0x20000088        0x1 ./Src/encoder.o
 *fill*         0x20000089        0x3 
 .bss.txt       0x2000008c       0x14 ./Src/joy.o
                0x2000008c                txt
 .bss.motor_running
                0x200000a0        0x1 ./Src/joy.o
                0x200000a0                motor_running
 .bss.button_currentRight
                0x200000a1        0x1 ./Src/joy.o
 .bss.button_currentLeft
                0x200000a2        0x1 ./Src/joy.o
 .bss.button_currentUp
                0x200000a3        0x1 ./Src/joy.o
 .bss.button_currentDown
                0x200000a4        0x1 ./Src/joy.o
 .bss.button_currentOk
                0x200000a5        0x1 ./Src/joy.o
 .bss.button_stateRight
                0x200000a6        0x1 ./Src/joy.o
 .bss.button_stateLeft
                0x200000a7        0x1 ./Src/joy.o
 .bss.button_stateUp
                0x200000a8        0x1 ./Src/joy.o
 .bss.button_stateDown
                0x200000a9        0x1 ./Src/joy.o
 .bss.button_stateOk
                0x200000aa        0x1 ./Src/joy.o
 *fill*         0x200000ab        0x1 
 .bss.last_button_tickRight
                0x200000ac        0x4 ./Src/joy.o
 .bss.last_button_tickLeft
                0x200000b0        0x4 ./Src/joy.o
 .bss.last_button_tickUp
                0x200000b4        0x4 ./Src/joy.o
 .bss.last_button_tickDown
                0x200000b8        0x4 ./Src/joy.o
 .bss.last_button_tickOk
                0x200000bc        0x4 ./Src/joy.o
 .bss.BuffTx    0x200000c0       0x64 ./Src/lpuart.o
                0x200000c0                BuffTx
 .bss.BuffRx    0x20000124       0x64 ./Src/lpuart.o
                0x20000124                BuffRx
 .bss.tx_busy   0x20000188        0x4 ./Src/lpuart.o
                0x20000188                tx_busy
 .bss.tx_index  0x2000018c        0x4 ./Src/lpuart.o
                0x2000018c                tx_index
 .bss.rx_index  0x20000190        0x4 ./Src/lpuart.o
                0x20000190                rx_index
 .bss.rx_ready  0x20000194        0x1 ./Src/lpuart.o
                0x20000194                rx_ready
 .bss.state     0x20000195        0x1 ./Src/state_machine.o
                0x20000195                state
 .bss.error_printed
                0x20000196        0x1 ./Src/state_machine.o
 *fill*         0x20000197        0x1 
 .bss.Tick      0x20000198        0x4 ./Src/sys_clocks.o
                0x20000198                Tick
 .bss.__sbrk_heap_end
                0x2000019c        0x4 ./Src/sysmem.o
 .bss.current_command
                0x200001a0        0x1 ./Src/uart_protocol.o
                0x200001a0                current_command
 .bss.Value     0x200001a1        0x1 ./Src/uart_protocol.o
                0x200001a1                Value
 *fill*         0x200001a2        0x2 
 .bss.word      0x200001a4       0x64 ./Src/uart_protocol.o
 .bss.word2     0x20000208       0x64 ./Src/uart_protocol.o
 .bss.__sf      0x2000026c      0x138 C:/ST/STM32CubeIDE_1.19.0/STM32CubeIDE/plugins/com.st.stm32cube.ide.mcu.externaltools.gnu-tools-for-stm32.13.3.rel1.win32_1.0.0.202411081344/tools/bin/../lib/gcc/arm-none-eabi/13.3.1/../../../../arm-none-eabi/lib/thumb/v7e-m+fp/hard\libc_nano.a(libc_a-findfp.o)
                0x2000026c                __sf
 .bss.errno     0x200003a4        0x4 C:/ST/STM32CubeIDE_1.19.0/STM32CubeIDE/plugins/com.st.stm32cube.ide.mcu.externaltools.gnu-tools-for-stm32.13.3.rel1.win32_1.0.0.202411081344/tools/bin/../lib/gcc/arm-none-eabi/13.3.1/../../../../arm-none-eabi/lib/thumb/v7e-m+fp/hard\libc_nano.a(libc_a-reent.o)
                0x200003a4                errno
 .bss.__lock___malloc_recursive_mutex
                0x200003a8        0x1 C:/ST/STM32CubeIDE_1.19.0/STM32CubeIDE/plugins/com.st.stm32cube.ide.mcu.externaltools.gnu-tools-for-stm32.13.3.rel1.win32_1.0.0.202411081344/tools/bin/../lib/gcc/arm-none-eabi/13.3.1/../../../../arm-none-eabi/lib/thumb/v7e-m+fp/hard\libc_nano.a(libc_a-lock.o)
                0x200003a8                __lock___malloc_recursive_mutex
 *fill*         0x200003a9        0x3 
 .bss.__malloc_sbrk_start
                0x200003ac        0x4 C:/ST/STM32CubeIDE_1.19.0/STM32CubeIDE/plugins/com.st.stm32cube.ide.mcu.externaltools.gnu-tools-for-stm32.13.3.rel1.win32_1.0.0.202411081344/tools/bin/../lib/gcc/arm-none-eabi/13.3.1/../../../../arm-none-eabi/lib/thumb/v7e-m+fp/hard\libc_nano.a(libc_a-mallocr.o)
                0x200003ac                __malloc_sbrk_start
 .bss.__malloc_free_list
                0x200003b0        0x4 C:/ST/STM32CubeIDE_1.19.0/STM32CubeIDE/plugins/com.st.stm32cube.ide.mcu.externaltools.gnu-tools-for-stm32.13.3.rel1.win32_1.0.0.202411081344/tools/bin/../lib/gcc/arm-none-eabi/13.3.1/../../../../arm-none-eabi/lib/thumb/v7e-m+fp/hard\libc_nano.a(libc_a-mallocr.o)
                0x200003b0                __malloc_free_list
 *(COMMON)
                0x200003b4                        . = ALIGN (0x4)
                0x200003b4                        _ebss = .
                0x200003b4                        __bss_end__ = _ebss

._user_heap_stack
                0x200003b4      0x604
                0x200003b8                        . = ALIGN (0x8)
 *fill*         0x200003b4        0x4 
                [!provide]                        PROVIDE (end = .)
                0x200003b8                        PROVIDE (_end = .)
                0x200005b8                        . = (. + _Min_Heap_Size)
 *fill*         0x200003b8      0x200 
                0x200009b8                        . = (. + _Min_Stack_Size)
 *fill*         0x200005b8      0x400 
                0x200009b8                        . = ALIGN (0x8)

/DISCARD/
 libc.a(*)
 libm.a(*)
 libgcc.a(*)

.ARM.attributes
                0x00000000       0x30
 *(.ARM.attributes)
 .ARM.attributes
                0x00000000       0x22 C:/ST/STM32CubeIDE_1.19.0/STM32CubeIDE/plugins/com.st.stm32cube.ide.mcu.externaltools.gnu-tools-for-stm32.13.3.rel1.win32_1.0.0.202411081344/tools/bin/../lib/gcc/arm-none-eabi/13.3.1/thumb/v7e-m+fp/hard/crti.o
 .ARM.attributes
                0x00000022       0x34 C:/ST/STM32CubeIDE_1.19.0/STM32CubeIDE/plugins/com.st.stm32cube.ide.mcu.externaltools.gnu-tools-for-stm32.13.3.rel1.win32_1.0.0.202411081344/tools/bin/../lib/gcc/arm-none-eabi/13.3.1/thumb/v7e-m+fp/hard/crtbegin.o
 .ARM.attributes
                0x00000056       0x34 ./Src/app.o
 .ARM.attributes
                0x0000008a       0x34 ./Src/ascii.o
 .ARM.attributes
                0x000000be       0x34 ./Src/encoder.o
 .ARM.attributes
                0x000000f2       0x34 ./Src/i2c.o
 .ARM.attributes
                0x00000126       0x34 ./Src/joy.o
 .ARM.attributes
                0x0000015a       0x34 ./Src/lpuart.o
 .ARM.attributes
                0x0000018e       0x34 ./Src/main.o
 .ARM.attributes
                0x000001c2       0x34 ./Src/motor.o
 .ARM.attributes
                0x000001f6       0x34 ./Src/oled.o
 .ARM.attributes
                0x0000022a       0x34 ./Src/state_machine.o
 .ARM.attributes
                0x0000025e       0x34 ./Src/sys_clocks.o
 .ARM.attributes
                0x00000292       0x34 ./Src/sysmem.o
 .ARM.attributes
                0x000002c6       0x34 ./Src/tim.o
 .ARM.attributes
                0x000002fa       0x34 ./Src/uart_protocol.o
 .ARM.attributes
                0x0000032e       0x21 ./Startup/startup_stm32l496zgtx.o
 .ARM.attributes
                0x0000034f       0x34 C:/ST/STM32CubeIDE_1.19.0/STM32CubeIDE/plugins/com.st.stm32cube.ide.mcu.externaltools.gnu-tools-for-stm32.13.3.rel1.win32_1.0.0.202411081344/tools/bin/../lib/gcc/arm-none-eabi/13.3.1/../../../../arm-none-eabi/lib/thumb/v7e-m+fp/hard\libc_nano.a(libc_a-findfp.o)
 .ARM.attributes
                0x00000383       0x34 C:/ST/STM32CubeIDE_1.19.0/STM32CubeIDE/plugins/com.st.stm32cube.ide.mcu.externaltools.gnu-tools-for-stm32.13.3.rel1.win32_1.0.0.202411081344/tools/bin/../lib/gcc/arm-none-eabi/13.3.1/../../../../arm-none-eabi/lib/thumb/v7e-m+fp/hard\libc_nano.a(libc_a-sprintf.o)
 .ARM.attributes
                0x000003b7       0x34 C:/ST/STM32CubeIDE_1.19.0/STM32CubeIDE/plugins/com.st.stm32cube.ide.mcu.externaltools.gnu-tools-for-stm32.13.3.rel1.win32_1.0.0.202411081344/tools/bin/../lib/gcc/arm-none-eabi/13.3.1/../../../../arm-none-eabi/lib/thumb/v7e-m+fp/hard\libc_nano.a(libc_a-reent.o)
 .ARM.attributes
                0x000003eb       0x34 C:/ST/STM32CubeIDE_1.19.0/STM32CubeIDE/plugins/com.st.stm32cube.ide.mcu.externaltools.gnu-tools-for-stm32.13.3.rel1.win32_1.0.0.202411081344/tools/bin/../lib/gcc/arm-none-eabi/13.3.1/../../../../arm-none-eabi/lib/thumb/v7e-m+fp/hard\libc_nano.a(libc_a-impure.o)
 .ARM.attributes
                0x0000041f       0x34 C:/ST/STM32CubeIDE_1.19.0/STM32CubeIDE/plugins/com.st.stm32cube.ide.mcu.externaltools.gnu-tools-for-stm32.13.3.rel1.win32_1.0.0.202411081344/tools/bin/../lib/gcc/arm-none-eabi/13.3.1/../../../../arm-none-eabi/lib/thumb/v7e-m+fp/hard\libc_nano.a(libc_a-errno.o)
 .ARM.attributes
                0x00000453       0x34 C:/ST/STM32CubeIDE_1.19.0/STM32CubeIDE/plugins/com.st.stm32cube.ide.mcu.externaltools.gnu-tools-for-stm32.13.3.rel1.win32_1.0.0.202411081344/tools/bin/../lib/gcc/arm-none-eabi/13.3.1/../../../../arm-none-eabi/lib/thumb/v7e-m+fp/hard\libc_nano.a(libc_a-init.o)
 .ARM.attributes
                0x00000487       0x34 C:/ST/STM32CubeIDE_1.19.0/STM32CubeIDE/plugins/com.st.stm32cube.ide.mcu.externaltools.gnu-tools-for-stm32.13.3.rel1.win32_1.0.0.202411081344/tools/bin/../lib/gcc/arm-none-eabi/13.3.1/../../../../arm-none-eabi/lib/thumb/v7e-m+fp/hard\libc_nano.a(libc_a-lock.o)
 .ARM.attributes
                0x000004bb       0x20 C:/ST/STM32CubeIDE_1.19.0/STM32CubeIDE/plugins/com.st.stm32cube.ide.mcu.externaltools.gnu-tools-for-stm32.13.3.rel1.win32_1.0.0.202411081344/tools/bin/../lib/gcc/arm-none-eabi/13.3.1/../../../../arm-none-eabi/lib/thumb/v7e-m+fp/hard\libc_nano.a(libc_a-strcmp.o)
 .ARM.attributes
                0x000004db       0x34 C:/ST/STM32CubeIDE_1.19.0/STM32CubeIDE/plugins/com.st.stm32cube.ide.mcu.externaltools.gnu-tools-for-stm32.13.3.rel1.win32_1.0.0.202411081344/tools/bin/../lib/gcc/arm-none-eabi/13.3.1/../../../../arm-none-eabi/lib/thumb/v7e-m+fp/hard\libc_nano.a(libc_a-freer.o)
 .ARM.attributes
                0x0000050f       0x34 C:/ST/STM32CubeIDE_1.19.0/STM32CubeIDE/plugins/com.st.stm32cube.ide.mcu.externaltools.gnu-tools-for-stm32.13.3.rel1.win32_1.0.0.202411081344/tools/bin/../lib/gcc/arm-none-eabi/13.3.1/../../../../arm-none-eabi/lib/thumb/v7e-m+fp/hard\libc_nano.a(libc_a-mallocr.o)
 .ARM.attributes
                0x00000543       0x34 C:/ST/STM32CubeIDE_1.19.0/STM32CubeIDE/plugins/com.st.stm32cube.ide.mcu.externaltools.gnu-tools-for-stm32.13.3.rel1.win32_1.0.0.202411081344/tools/bin/../lib/gcc/arm-none-eabi/13.3.1/../../../../arm-none-eabi/lib/thumb/v7e-m+fp/hard\libc_nano.a(libc_a-mlock.o)
 .ARM.attributes
                0x00000577       0x34 C:/ST/STM32CubeIDE_1.19.0/STM32CubeIDE/plugins/com.st.stm32cube.ide.mcu.externaltools.gnu-tools-for-stm32.13.3.rel1.win32_1.0.0.202411081344/tools/bin/../lib/gcc/arm-none-eabi/13.3.1/../../../../arm-none-eabi/lib/thumb/v7e-m+fp/hard\libc_nano.a(libc_a-nano-svfprintf.o)
 .ARM.attributes
                0x000005ab       0x34 C:/ST/STM32CubeIDE_1.19.0/STM32CubeIDE/plugins/com.st.stm32cube.ide.mcu.externaltools.gnu-tools-for-stm32.13.3.rel1.win32_1.0.0.202411081344/tools/bin/../lib/gcc/arm-none-eabi/13.3.1/../../../../arm-none-eabi/lib/thumb/v7e-m+fp/hard\libc_nano.a(libc_a-nano-vfprintf_i.o)
 .ARM.attributes
                0x000005df       0x34 C:/ST/STM32CubeIDE_1.19.0/STM32CubeIDE/plugins/com.st.stm32cube.ide.mcu.externaltools.gnu-tools-for-stm32.13.3.rel1.win32_1.0.0.202411081344/tools/bin/../lib/gcc/arm-none-eabi/13.3.1/../../../../arm-none-eabi/lib/thumb/v7e-m+fp/hard\libc_nano.a(libc_a-memmove.o)
 .ARM.attributes
                0x00000613       0x34 C:/ST/STM32CubeIDE_1.19.0/STM32CubeIDE/plugins/com.st.stm32cube.ide.mcu.externaltools.gnu-tools-for-stm32.13.3.rel1.win32_1.0.0.202411081344/tools/bin/../lib/gcc/arm-none-eabi/13.3.1/../../../../arm-none-eabi/lib/thumb/v7e-m+fp/hard\libc_nano.a(libc_a-sbrkr.o)
 .ARM.attributes
                0x00000647       0x1c C:/ST/STM32CubeIDE_1.19.0/STM32CubeIDE/plugins/com.st.stm32cube.ide.mcu.externaltools.gnu-tools-for-stm32.13.3.rel1.win32_1.0.0.202411081344/tools/bin/../lib/gcc/arm-none-eabi/13.3.1/../../../../arm-none-eabi/lib/thumb/v7e-m+fp/hard\libc_nano.a(libc_a-memchr.o)
 .ARM.attributes
                0x00000663       0x34 C:/ST/STM32CubeIDE_1.19.0/STM32CubeIDE/plugins/com.st.stm32cube.ide.mcu.externaltools.gnu-tools-for-stm32.13.3.rel1.win32_1.0.0.202411081344/tools/bin/../lib/gcc/arm-none-eabi/13.3.1/../../../../arm-none-eabi/lib/thumb/v7e-m+fp/hard\libc_nano.a(libc_a-memcpy-stub.o)
 .ARM.attributes
                0x00000697       0x34 C:/ST/STM32CubeIDE_1.19.0/STM32CubeIDE/plugins/com.st.stm32cube.ide.mcu.externaltools.gnu-tools-for-stm32.13.3.rel1.win32_1.0.0.202411081344/tools/bin/../lib/gcc/arm-none-eabi/13.3.1/../../../../arm-none-eabi/lib/thumb/v7e-m+fp/hard\libc_nano.a(libc_a-reallocr.o)
 .ARM.attributes
                0x000006cb       0x34 C:/ST/STM32CubeIDE_1.19.0/STM32CubeIDE/plugins/com.st.stm32cube.ide.mcu.externaltools.gnu-tools-for-stm32.13.3.rel1.win32_1.0.0.202411081344/tools/bin/../lib/gcc/arm-none-eabi/13.3.1/../../../../arm-none-eabi/lib/thumb/v7e-m+fp/hard\libc_nano.a(libc_a-msizer.o)
 .ARM.attributes
                0x000006ff       0x22 C:/ST/STM32CubeIDE_1.19.0/STM32CubeIDE/plugins/com.st.stm32cube.ide.mcu.externaltools.gnu-tools-for-stm32.13.3.rel1.win32_1.0.0.202411081344/tools/bin/../lib/gcc/arm-none-eabi/13.3.1/thumb/v7e-m+fp/hard/crtn.o
OUTPUT(STM32 Motorized Camera Platform.elf elf32-littlearm)
LOAD linker stubs
LOAD C:/ST/STM32CubeIDE_1.19.0/STM32CubeIDE/plugins/com.st.stm32cube.ide.mcu.externaltools.gnu-tools-for-stm32.13.3.rel1.win32_1.0.0.202411081344/tools/bin/../lib/gcc/arm-none-eabi/13.3.1/../../../../arm-none-eabi/lib/thumb/v7e-m+fp/hard\libc.a
LOAD C:/ST/STM32CubeIDE_1.19.0/STM32CubeIDE/plugins/com.st.stm32cube.ide.mcu.externaltools.gnu-tools-for-stm32.13.3.rel1.win32_1.0.0.202411081344/tools/bin/../lib/gcc/arm-none-eabi/13.3.1/../../../../arm-none-eabi/lib/thumb/v7e-m+fp/hard\libm.a
LOAD C:/ST/STM32CubeIDE_1.19.0/STM32CubeIDE/plugins/com.st.stm32cube.ide.mcu.externaltools.gnu-tools-for-stm32.13.3.rel1.win32_1.0.0.202411081344/tools/bin/../lib/gcc/arm-none-eabi/13.3.1/thumb/v7e-m+fp/hard\libgcc.a

.debug_info     0x00000000     0x42b7
 .debug_info    0x00000000      0x164 ./Src/app.o
 .debug_info    0x00000164      0x120 ./Src/ascii.o
 .debug_info    0x00000284      0x6ce ./Src/encoder.o
 .debug_info    0x00000952      0x4af ./Src/i2c.o
 .debug_info    0x00000e01      0x78f ./Src/joy.o
 .debug_info    0x00001590      0xb59 ./Src/lpuart.o
 .debug_info    0x000020e9       0xa3 ./Src/main.o
 .debug_info    0x0000218c      0x3d2 ./Src/motor.o
 .debug_info    0x0000255e      0x4d4 ./Src/oled.o
 .debug_info    0x00002a32      0x1f1 ./Src/state_machine.o
 .debug_info    0x00002c23      0xad8 ./Src/sys_clocks.o
 .debug_info    0x000036fb      0x168 ./Src/sysmem.o
 .debug_info    0x00003863      0x45b ./Src/tim.o
 .debug_info    0x00003cbe      0x5c9 ./Src/uart_protocol.o
 .debug_info    0x00004287       0x30 ./Startup/startup_stm32l496zgtx.o

.debug_abbrev   0x00000000     0x1111
 .debug_abbrev  0x00000000       0x85 ./Src/app.o
 .debug_abbrev  0x00000085       0x7b ./Src/ascii.o
 .debug_abbrev  0x00000100      0x1ac ./Src/encoder.o
 .debug_abbrev  0x000002ac      0x122 ./Src/i2c.o
 .debug_abbrev  0x000003ce      0x1c8 ./Src/joy.o
 .debug_abbrev  0x00000596      0x1f6 ./Src/lpuart.o
 .debug_abbrev  0x0000078c       0x5b ./Src/main.o
 .debug_abbrev  0x000007e7       0xf6 ./Src/motor.o
 .debug_abbrev  0x000008dd      0x122 ./Src/oled.o
 .debug_abbrev  0x000009ff      0x149 ./Src/state_machine.o
 .debug_abbrev  0x00000b48      0x1ef ./Src/sys_clocks.o
 .debug_abbrev  0x00000d37       0xbc ./Src/sysmem.o
 .debug_abbrev  0x00000df3       0xdc ./Src/tim.o
 .debug_abbrev  0x00000ecf      0x21e ./Src/uart_protocol.o
 .debug_abbrev  0x000010ed       0x24 ./Startup/startup_stm32l496zgtx.o

.debug_aranges  0x00000000      0x408
 .debug_aranges
                0x00000000       0x28 ./Src/app.o
 .debug_aranges
                0x00000028       0x18 ./Src/ascii.o
 .debug_aranges
                0x00000040       0x68 ./Src/encoder.o
 .debug_aranges
                0x000000a8       0x30 ./Src/i2c.o
 .debug_aranges
                0x000000d8       0x78 ./Src/joy.o
 .debug_aranges
                0x00000150       0x48 ./Src/lpuart.o
 .debug_aranges
                0x00000198       0x20 ./Src/main.o
 .debug_aranges
                0x000001b8       0x40 ./Src/motor.o
 .debug_aranges
                0x000001f8       0x70 ./Src/oled.o
 .debug_aranges
                0x00000268       0x40 ./Src/state_machine.o
 .debug_aranges
                0x000002a8       0x60 ./Src/sys_clocks.o
 .debug_aranges
                0x00000308       0x20 ./Src/sysmem.o
 .debug_aranges
                0x00000328       0x38 ./Src/tim.o
 .debug_aranges
                0x00000360       0x80 ./Src/uart_protocol.o
 .debug_aranges
                0x000003e0       0x28 ./Startup/startup_stm32l496zgtx.o

.debug_rnglists
                0x00000000      0x2ca
 .debug_rnglists
                0x00000000       0x19 ./Src/app.o
 .debug_rnglists
                0x00000019       0x4b ./Src/encoder.o
 .debug_rnglists
                0x00000064       0x21 ./Src/i2c.o
 .debug_rnglists
                0x00000085       0x5b ./Src/joy.o
 .debug_rnglists
                0x000000e0       0x34 ./Src/lpuart.o
 .debug_rnglists
                0x00000114       0x13 ./Src/main.o
 .debug_rnglists
                0x00000127       0x2c ./Src/motor.o
 .debug_rnglists
                0x00000153       0x52 ./Src/oled.o
 .debug_rnglists
                0x000001a5       0x2b ./Src/state_machine.o
 .debug_rnglists
                0x000001d0       0x45 ./Src/sys_clocks.o
 .debug_rnglists
                0x00000215       0x13 ./Src/sysmem.o
 .debug_rnglists
                0x00000228       0x27 ./Src/tim.o
 .debug_rnglists
                0x0000024f       0x62 ./Src/uart_protocol.o
 .debug_rnglists
                0x000002b1       0x19 ./Startup/startup_stm32l496zgtx.o

.debug_macro    0x00000000    0x2051b
 .debug_macro   0x00000000      0x210 ./Src/app.o
 .debug_macro   0x00000210      0xae4 ./Src/app.o
 .debug_macro   0x00000cf4       0x22 ./Src/app.o
 .debug_macro   0x00000d16       0x8e ./Src/app.o
 .debug_macro   0x00000da4       0x51 ./Src/app.o
 .debug_macro   0x00000df5      0x103 ./Src/app.o
 .debug_macro   0x00000ef8       0x6a ./Src/app.o
 .debug_macro   0x00000f62      0x1df ./Src/app.o
 .debug_macro   0x00001141       0x28 ./Src/app.o
 .debug_macro   0x00001169       0x1c ./Src/app.o
 .debug_macro   0x00001185       0x22 ./Src/app.o
 .debug_macro   0x000011a7       0xfb ./Src/app.o
 .debug_macro   0x000012a2     0x1011 ./Src/app.o
 .debug_macro   0x000022b3      0x11f ./Src/app.o
 .debug_macro   0x000023d2    0x1c1f6 ./Src/app.o
 .debug_macro   0x0001e5c8       0x61 ./Src/app.o
 .debug_macro   0x0001e629       0x2a ./Src/app.o
 .debug_macro   0x0001e653       0x43 ./Src/app.o
 .debug_macro   0x0001e696       0x34 ./Src/app.o
 .debug_macro   0x0001e6ca      0x190 ./Src/app.o
 .debug_macro   0x0001e85a      0x370 ./Src/app.o
 .debug_macro   0x0001ebca       0x16 ./Src/app.o
 .debug_macro   0x0001ebe0       0x4a ./Src/app.o
 .debug_macro   0x0001ec2a       0x34 ./Src/app.o
 .debug_macro   0x0001ec5e       0x10 ./Src/app.o
 .debug_macro   0x0001ec6e       0x58 ./Src/app.o
 .debug_macro   0x0001ecc6       0x8e ./Src/app.o
 .debug_macro   0x0001ed54       0x1c ./Src/app.o
 .debug_macro   0x0001ed70      0x185 ./Src/app.o
 .debug_macro   0x0001eef5       0x10 ./Src/app.o
 .debug_macro   0x0001ef05       0x3c ./Src/app.o
 .debug_macro   0x0001ef41       0x20 ./Src/app.o
 .debug_macro   0x0001ef61       0x79 ./Src/ascii.o
 .debug_macro   0x0001efda       0xf9 ./Src/encoder.o
 .debug_macro   0x0001f0d3       0xe7 ./Src/i2c.o
 .debug_macro   0x0001f1ba      0x224 ./Src/joy.o
 .debug_macro   0x0001f3de       0x16 ./Src/joy.o
 .debug_macro   0x0001f3f4       0x9e ./Src/joy.o
 .debug_macro   0x0001f492      0x112 ./Src/joy.o
 .debug_macro   0x0001f5a4       0x10 ./Src/joy.o
 .debug_macro   0x0001f5b4       0x16 ./Src/joy.o
 .debug_macro   0x0001f5ca       0x16 ./Src/joy.o
 .debug_macro   0x0001f5e0      0x146 ./Src/joy.o
 .debug_macro   0x0001f726       0x16 ./Src/joy.o
 .debug_macro   0x0001f73c      0x1ba ./Src/lpuart.o
 .debug_macro   0x0001f8f6       0xf1 ./Src/main.o
 .debug_macro   0x0001f9e7       0xeb ./Src/motor.o
 .debug_macro   0x0001fad2      0x107 ./Src/oled.o
 .debug_macro   0x0001fbd9      0x1dc ./Src/state_machine.o
 .debug_macro   0x0001fdb5       0xe1 ./Src/sys_clocks.o
 .debug_macro   0x0001fe96      0x112 ./Src/sysmem.o
 .debug_macro   0x0001ffa8      0x23c ./Src/sysmem.o
 .debug_macro   0x000201e4       0xf3 ./Src/tim.o
 .debug_macro   0x000202d7      0x228 ./Src/uart_protocol.o
 .debug_macro   0x000204ff       0x1c ./Src/uart_protocol.o

.debug_line     0x00000000     0x631f
 .debug_line    0x00000000      0x6e4 ./Src/app.o
 .debug_line    0x000006e4      0x400 ./Src/ascii.o
 .debug_line    0x00000ae4      0x6c7 ./Src/encoder.o
 .debug_line    0x000011ab      0x64b ./Src/i2c.o
 .debug_line    0x000017f6      0xa9b ./Src/joy.o
 .debug_line    0x00002291      0x806 ./Src/lpuart.o
 .debug_line    0x00002a97      0x50f ./Src/main.o
 .debug_line    0x00002fa6      0x59e ./Src/motor.o
 .debug_line    0x00003544      0x773 ./Src/oled.o
 .debug_line    0x00003cb7      0x78d ./Src/state_machine.o
 .debug_line    0x00004444      0x7d3 ./Src/sys_clocks.o
 .debug_line    0x00004c17      0x583 ./Src/sysmem.o
 .debug_line    0x0000519a      0x5ea ./Src/tim.o
 .debug_line    0x00005784      0xb20 ./Src/uart_protocol.o
 .debug_line    0x000062a4       0x7b ./Startup/startup_stm32l496zgtx.o

.debug_str      0x00000000    0xad976
 .debug_str     0x00000000    0xad976 ./Src/app.o
                              0xac09e (size before relaxing)
 .debug_str     0x000ad976     0x3df0 ./Src/ascii.o
 .debug_str     0x000ad976    0xa8d74 ./Src/encoder.o
 .debug_str     0x000ad976    0xa8bdf ./Src/i2c.o
 .debug_str     0x000ad976    0xac9d2 ./Src/joy.o
 .debug_str     0x000ad976    0xac795 ./Src/lpuart.o
 .debug_str     0x000ad976    0xa89df ./Src/main.o
 .debug_str     0x000ad976    0xa8bb7 ./Src/motor.o
 .debug_str     0x000ad976    0xa8b6a ./Src/oled.o
 .debug_str     0x000ad976    0xac0c7 ./Src/state_machine.o
 .debug_str     0x000ad976    0xa924f ./Src/sys_clocks.o
 .debug_str     0x000ad976     0x7799 ./Src/sysmem.o
 .debug_str     0x000ad976    0xa8bc4 ./Src/tim.o
 .debug_str     0x000ad976    0xac87a ./Src/uart_protocol.o
 .debug_str     0x000ad976       0x8a ./Startup/startup_stm32l496zgtx.o

.comment        0x00000000       0x43
 .comment       0x00000000       0x43 ./Src/app.o
                                 0x44 (size before relaxing)
 .comment       0x00000043       0x44 ./Src/ascii.o
 .comment       0x00000043       0x44 ./Src/encoder.o
 .comment       0x00000043       0x44 ./Src/i2c.o
 .comment       0x00000043       0x44 ./Src/joy.o
 .comment       0x00000043       0x44 ./Src/lpuart.o
 .comment       0x00000043       0x44 ./Src/main.o
 .comment       0x00000043       0x44 ./Src/motor.o
 .comment       0x00000043       0x44 ./Src/oled.o
 .comment       0x00000043       0x44 ./Src/state_machine.o
 .comment       0x00000043       0x44 ./Src/sys_clocks.o
 .comment       0x00000043       0x44 ./Src/sysmem.o
 .comment       0x00000043       0x44 ./Src/tim.o
 .comment       0x00000043       0x44 ./Src/uart_protocol.o

.debug_frame    0x00000000     0x10e0
 .debug_frame   0x00000000       0x48 ./Src/app.o
 .debug_frame   0x00000048      0x150 ./Src/encoder.o
 .debug_frame   0x00000198       0x80 ./Src/i2c.o
 .debug_frame   0x00000218      0x178 ./Src/joy.o
 .debug_frame   0x00000390       0xf4 ./Src/lpuart.o
 .debug_frame   0x00000484       0x2c ./Src/main.o
 .debug_frame   0x000004b0       0xb8 ./Src/motor.o
 .debug_frame   0x00000568      0x1a0 ./Src/oled.o
 .debug_frame   0x00000708       0xb4 ./Src/state_machine.o
 .debug_frame   0x000007bc      0x140 ./Src/sys_clocks.o
 .debug_frame   0x000008fc       0x34 ./Src/sysmem.o
 .debug_frame   0x00000930       0x8c ./Src/tim.o
 .debug_frame   0x000009bc      0x198 ./Src/uart_protocol.o
 .debug_frame   0x00000b54      0x144 C:/ST/STM32CubeIDE_1.19.0/STM32CubeIDE/plugins/com.st.stm32cube.ide.mcu.externaltools.gnu-tools-for-stm32.13.3.rel1.win32_1.0.0.202411081344/tools/bin/../lib/gcc/arm-none-eabi/13.3.1/../../../../arm-none-eabi/lib/thumb/v7e-m+fp/hard\libc_nano.a(libc_a-findfp.o)
 .debug_frame   0x00000c98       0x74 C:/ST/STM32CubeIDE_1.19.0/STM32CubeIDE/plugins/com.st.stm32cube.ide.mcu.externaltools.gnu-tools-for-stm32.13.3.rel1.win32_1.0.0.202411081344/tools/bin/../lib/gcc/arm-none-eabi/13.3.1/../../../../arm-none-eabi/lib/thumb/v7e-m+fp/hard\libc_nano.a(libc_a-sprintf.o)
 .debug_frame   0x00000d0c       0x38 C:/ST/STM32CubeIDE_1.19.0/STM32CubeIDE/plugins/com.st.stm32cube.ide.mcu.externaltools.gnu-tools-for-stm32.13.3.rel1.win32_1.0.0.202411081344/tools/bin/../lib/gcc/arm-none-eabi/13.3.1/../../../../arm-none-eabi/lib/thumb/v7e-m+fp/hard\libc_nano.a(libc_a-reent.o)
 .debug_frame   0x00000d44       0x20 C:/ST/STM32CubeIDE_1.19.0/STM32CubeIDE/plugins/com.st.stm32cube.ide.mcu.externaltools.gnu-tools-for-stm32.13.3.rel1.win32_1.0.0.202411081344/tools/bin/../lib/gcc/arm-none-eabi/13.3.1/../../../../arm-none-eabi/lib/thumb/v7e-m+fp/hard\libc_nano.a(libc_a-errno.o)
 .debug_frame   0x00000d64       0x2c C:/ST/STM32CubeIDE_1.19.0/STM32CubeIDE/plugins/com.st.stm32cube.ide.mcu.externaltools.gnu-tools-for-stm32.13.3.rel1.win32_1.0.0.202411081344/tools/bin/../lib/gcc/arm-none-eabi/13.3.1/../../../../arm-none-eabi/lib/thumb/v7e-m+fp/hard\libc_nano.a(libc_a-init.o)
 .debug_frame   0x00000d90       0xb0 C:/ST/STM32CubeIDE_1.19.0/STM32CubeIDE/plugins/com.st.stm32cube.ide.mcu.externaltools.gnu-tools-for-stm32.13.3.rel1.win32_1.0.0.202411081344/tools/bin/../lib/gcc/arm-none-eabi/13.3.1/../../../../arm-none-eabi/lib/thumb/v7e-m+fp/hard\libc_nano.a(libc_a-lock.o)
 .debug_frame   0x00000e40       0x20 C:/ST/STM32CubeIDE_1.19.0/STM32CubeIDE/plugins/com.st.stm32cube.ide.mcu.externaltools.gnu-tools-for-stm32.13.3.rel1.win32_1.0.0.202411081344/tools/bin/../lib/gcc/arm-none-eabi/13.3.1/../../../../arm-none-eabi/lib/thumb/v7e-m+fp/hard\libc_nano.a(libc_a-strcmp.o)
 .debug_frame   0x00000e60       0x38 C:/ST/STM32CubeIDE_1.19.0/STM32CubeIDE/plugins/com.st.stm32cube.ide.mcu.externaltools.gnu-tools-for-stm32.13.3.rel1.win32_1.0.0.202411081344/tools/bin/../lib/gcc/arm-none-eabi/13.3.1/../../../../arm-none-eabi/lib/thumb/v7e-m+fp/hard\libc_nano.a(libc_a-freer.o)
 .debug_frame   0x00000e98       0x50 C:/ST/STM32CubeIDE_1.19.0/STM32CubeIDE/plugins/com.st.stm32cube.ide.mcu.externaltools.gnu-tools-for-stm32.13.3.rel1.win32_1.0.0.202411081344/tools/bin/../lib/gcc/arm-none-eabi/13.3.1/../../../../arm-none-eabi/lib/thumb/v7e-m+fp/hard\libc_nano.a(libc_a-mallocr.o)
 .debug_frame   0x00000ee8       0x30 C:/ST/STM32CubeIDE_1.19.0/STM32CubeIDE/plugins/com.st.stm32cube.ide.mcu.externaltools.gnu-tools-for-stm32.13.3.rel1.win32_1.0.0.202411081344/tools/bin/../lib/gcc/arm-none-eabi/13.3.1/../../../../arm-none-eabi/lib/thumb/v7e-m+fp/hard\libc_nano.a(libc_a-mlock.o)
 .debug_frame   0x00000f18       0x90 C:/ST/STM32CubeIDE_1.19.0/STM32CubeIDE/plugins/com.st.stm32cube.ide.mcu.externaltools.gnu-tools-for-stm32.13.3.rel1.win32_1.0.0.202411081344/tools/bin/../lib/gcc/arm-none-eabi/13.3.1/../../../../arm-none-eabi/lib/thumb/v7e-m+fp/hard\libc_nano.a(libc_a-nano-svfprintf.o)
 .debug_frame   0x00000fa8       0x60 C:/ST/STM32CubeIDE_1.19.0/STM32CubeIDE/plugins/com.st.stm32cube.ide.mcu.externaltools.gnu-tools-for-stm32.13.3.rel1.win32_1.0.0.202411081344/tools/bin/../lib/gcc/arm-none-eabi/13.3.1/../../../../arm-none-eabi/lib/thumb/v7e-m+fp/hard\libc_nano.a(libc_a-nano-vfprintf_i.o)
 .debug_frame   0x00001008       0x28 C:/ST/STM32CubeIDE_1.19.0/STM32CubeIDE/plugins/com.st.stm32cube.ide.mcu.externaltools.gnu-tools-for-stm32.13.3.rel1.win32_1.0.0.202411081344/tools/bin/../lib/gcc/arm-none-eabi/13.3.1/../../../../arm-none-eabi/lib/thumb/v7e-m+fp/hard\libc_nano.a(libc_a-memmove.o)
 .debug_frame   0x00001030       0x2c C:/ST/STM32CubeIDE_1.19.0/STM32CubeIDE/plugins/com.st.stm32cube.ide.mcu.externaltools.gnu-tools-for-stm32.13.3.rel1.win32_1.0.0.202411081344/tools/bin/../lib/gcc/arm-none-eabi/13.3.1/../../../../arm-none-eabi/lib/thumb/v7e-m+fp/hard\libc_nano.a(libc_a-sbrkr.o)
 .debug_frame   0x0000105c       0x28 C:/ST/STM32CubeIDE_1.19.0/STM32CubeIDE/plugins/com.st.stm32cube.ide.mcu.externaltools.gnu-tools-for-stm32.13.3.rel1.win32_1.0.0.202411081344/tools/bin/../lib/gcc/arm-none-eabi/13.3.1/../../../../arm-none-eabi/lib/thumb/v7e-m+fp/hard\libc_nano.a(libc_a-memcpy-stub.o)
 .debug_frame   0x00001084       0x3c C:/ST/STM32CubeIDE_1.19.0/STM32CubeIDE/plugins/com.st.stm32cube.ide.mcu.externaltools.gnu-tools-for-stm32.13.3.rel1.win32_1.0.0.202411081344/tools/bin/../lib/gcc/arm-none-eabi/13.3.1/../../../../arm-none-eabi/lib/thumb/v7e-m+fp/hard\libc_nano.a(libc_a-reallocr.o)
 .debug_frame   0x000010c0       0x20 C:/ST/STM32CubeIDE_1.19.0/STM32CubeIDE/plugins/com.st.stm32cube.ide.mcu.externaltools.gnu-tools-for-stm32.13.3.rel1.win32_1.0.0.202411081344/tools/bin/../lib/gcc/arm-none-eabi/13.3.1/../../../../arm-none-eabi/lib/thumb/v7e-m+fp/hard\libc_nano.a(libc_a-msizer.o)

.debug_line_str
                0x00000000       0x6e
 .debug_line_str
                0x00000000       0x6e ./Startup/startup_stm32l496zgtx.o
