../Src/uart_protocol.c:26:6:ParseWords	16	static
../Src/uart_protocol.c:67:9:StringToInt	16	static
../Src/uart_protocol.c:87:6:ParseCommand	8	static
../Src/uart_protocol.c:150:6:U_STATUS	8	static
../Src/uart_protocol.c:165:6:U_LEFT	8	static
../Src/uart_protocol.c:188:6:U_RIGHT	8	static
../Src/uart_protocol.c:209:6:U_STOP	8	static
../Src/uart_protocol.c:231:6:U_SPEED	112	static
../Src/uart_protocol.c:266:6:U_UNKNOWN	8	static
../Src/uart_protocol.c:279:6:HandleCommand	8	static
../Src/uart_protocol.c:389:6:UART_Protocol_Process	8	static
../Src/uart_protocol.c:399:6:TakeMode	8	static
../Src/uart_protocol.c:406:6:TakeModeAGAIN	8	static
